Archive member included to satisfy reference by file (symbol)

C:/Users/JOHO/tools/xpack-arm-none-eabi-gcc-13.3.1-1.1/bin/../lib/gcc/arm-none-eabi/13.3.1/../../../../arm-none-eabi/lib/thumb/v7-m/nofp\libc_nano.a(libc_a-atexit.o)
                              C:/Users/JOHO/tools/xpack-arm-none-eabi-gcc-13.3.1-1.1/bin/../lib/gcc/arm-none-eabi/13.3.1/../../../../arm-none-eabi/lib/thumb/v7-m/nofp/crt0.o (atexit)
C:/Users/JOHO/tools/xpack-arm-none-eabi-gcc-13.3.1-1.1/bin/../lib/gcc/arm-none-eabi/13.3.1/../../../../arm-none-eabi/lib/thumb/v7-m/nofp\libc_nano.a(libc_a-exit.o)
                              C:/Users/JOHO/tools/xpack-arm-none-eabi-gcc-13.3.1-1.1/bin/../lib/gcc/arm-none-eabi/13.3.1/../../../../arm-none-eabi/lib/thumb/v7-m/nofp/crt0.o (exit)
C:/Users/JOHO/tools/xpack-arm-none-eabi-gcc-13.3.1-1.1/bin/../lib/gcc/arm-none-eabi/13.3.1/../../../../arm-none-eabi/lib/thumb/v7-m/nofp\libc_nano.a(libc_a-findfp.o)
                              C:/Users/JOHO/tools/xpack-arm-none-eabi-gcc-13.3.1-1.1/bin/../lib/gcc/arm-none-eabi/13.3.1/../../../../arm-none-eabi/lib/thumb/v7-m/nofp\libc_nano.a(libc_a-exit.o) (__stdio_exit_handler)
C:/Users/JOHO/tools/xpack-arm-none-eabi-gcc-13.3.1-1.1/bin/../lib/gcc/arm-none-eabi/13.3.1/../../../../arm-none-eabi/lib/thumb/v7-m/nofp\libc_nano.a(libc_a-fwalk.o)
                              C:/Users/JOHO/tools/xpack-arm-none-eabi-gcc-13.3.1-1.1/bin/../lib/gcc/arm-none-eabi/13.3.1/../../../../arm-none-eabi/lib/thumb/v7-m/nofp\libc_nano.a(libc_a-findfp.o) (_fwalk_sglue)
C:/Users/JOHO/tools/xpack-arm-none-eabi-gcc-13.3.1-1.1/bin/../lib/gcc/arm-none-eabi/13.3.1/../../../../arm-none-eabi/lib/thumb/v7-m/nofp\libc_nano.a(libc_a-stdio.o)
                              C:/Users/JOHO/tools/xpack-arm-none-eabi-gcc-13.3.1-1.1/bin/../lib/gcc/arm-none-eabi/13.3.1/../../../../arm-none-eabi/lib/thumb/v7-m/nofp\libc_nano.a(libc_a-findfp.o) (__sread)
C:/Users/JOHO/tools/xpack-arm-none-eabi-gcc-13.3.1-1.1/bin/../lib/gcc/arm-none-eabi/13.3.1/../../../../arm-none-eabi/lib/thumb/v7-m/nofp\libc_nano.a(libc_a-memset.o)
                              C:/Users/JOHO/tools/xpack-arm-none-eabi-gcc-13.3.1-1.1/bin/../lib/gcc/arm-none-eabi/13.3.1/../../../../arm-none-eabi/lib/thumb/v7-m/nofp/crt0.o (memset)
C:/Users/JOHO/tools/xpack-arm-none-eabi-gcc-13.3.1-1.1/bin/../lib/gcc/arm-none-eabi/13.3.1/../../../../arm-none-eabi/lib/thumb/v7-m/nofp\libc_nano.a(libc_a-closer.o)
                              C:/Users/JOHO/tools/xpack-arm-none-eabi-gcc-13.3.1-1.1/bin/../lib/gcc/arm-none-eabi/13.3.1/../../../../arm-none-eabi/lib/thumb/v7-m/nofp\libc_nano.a(libc_a-stdio.o) (_close_r)
C:/Users/JOHO/tools/xpack-arm-none-eabi-gcc-13.3.1-1.1/bin/../lib/gcc/arm-none-eabi/13.3.1/../../../../arm-none-eabi/lib/thumb/v7-m/nofp\libc_nano.a(libc_a-reent.o)
                              C:/Users/JOHO/tools/xpack-arm-none-eabi-gcc-13.3.1-1.1/bin/../lib/gcc/arm-none-eabi/13.3.1/../../../../arm-none-eabi/lib/thumb/v7-m/nofp\libc_nano.a(libc_a-closer.o) (errno)
C:/Users/JOHO/tools/xpack-arm-none-eabi-gcc-13.3.1-1.1/bin/../lib/gcc/arm-none-eabi/13.3.1/../../../../arm-none-eabi/lib/thumb/v7-m/nofp\libc_nano.a(libc_a-impure.o)
                              C:/Users/JOHO/tools/xpack-arm-none-eabi-gcc-13.3.1-1.1/bin/../lib/gcc/arm-none-eabi/13.3.1/../../../../arm-none-eabi/lib/thumb/v7-m/nofp\libc_nano.a(libc_a-reent.o) (_impure_ptr)
C:/Users/JOHO/tools/xpack-arm-none-eabi-gcc-13.3.1-1.1/bin/../lib/gcc/arm-none-eabi/13.3.1/../../../../arm-none-eabi/lib/thumb/v7-m/nofp\libc_nano.a(libc_a-lseekr.o)
                              C:/Users/JOHO/tools/xpack-arm-none-eabi-gcc-13.3.1-1.1/bin/../lib/gcc/arm-none-eabi/13.3.1/../../../../arm-none-eabi/lib/thumb/v7-m/nofp\libc_nano.a(libc_a-stdio.o) (_lseek_r)
C:/Users/JOHO/tools/xpack-arm-none-eabi-gcc-13.3.1-1.1/bin/../lib/gcc/arm-none-eabi/13.3.1/../../../../arm-none-eabi/lib/thumb/v7-m/nofp\libc_nano.a(libc_a-readr.o)
                              C:/Users/JOHO/tools/xpack-arm-none-eabi-gcc-13.3.1-1.1/bin/../lib/gcc/arm-none-eabi/13.3.1/../../../../arm-none-eabi/lib/thumb/v7-m/nofp\libc_nano.a(libc_a-stdio.o) (_read_r)
C:/Users/JOHO/tools/xpack-arm-none-eabi-gcc-13.3.1-1.1/bin/../lib/gcc/arm-none-eabi/13.3.1/../../../../arm-none-eabi/lib/thumb/v7-m/nofp\libc_nano.a(libc_a-writer.o)
                              C:/Users/JOHO/tools/xpack-arm-none-eabi-gcc-13.3.1-1.1/bin/../lib/gcc/arm-none-eabi/13.3.1/../../../../arm-none-eabi/lib/thumb/v7-m/nofp\libc_nano.a(libc_a-stdio.o) (_write_r)
C:/Users/JOHO/tools/xpack-arm-none-eabi-gcc-13.3.1-1.1/bin/../lib/gcc/arm-none-eabi/13.3.1/../../../../arm-none-eabi/lib/thumb/v7-m/nofp\libc_nano.a(libc_a-errno.o)
                              Core/Src/syscalls.o (__errno)
C:/Users/JOHO/tools/xpack-arm-none-eabi-gcc-13.3.1-1.1/bin/../lib/gcc/arm-none-eabi/13.3.1/../../../../arm-none-eabi/lib/thumb/v7-m/nofp\libc_nano.a(libc_a-init.o)
[...]
Memory Configuration

Name             Origin             Length             Attributes
FLASH            0x08000000         0x00010000         xr
RAM              0x20000000         0x00005000         xrw
*default*        0x00000000         0xffffffff

Linker script and memory map

LOAD C:/Users/JOHO/tools/xpack-arm-none-eabi-gcc-13.3.1-1.1/bin/../lib/gcc/arm-none-eabi/13.3.1/thumb/v7-m/nofp/crti.o
LOAD C:/Users/JOHO/tools/xpack-arm-none-eabi-gcc-13.3.1-1.1/bin/../lib/gcc/arm-none-eabi/13.3.1/thumb/v7-m/nofp/crtbegin.o
LOAD C:/Users/JOHO/tools/xpack-arm-none-eabi-gcc-13.3.1-1.1/bin/../lib/gcc/arm-none-eabi/13.3.1/../../../../arm-none-eabi/lib/thumb/v7-m/nofp/crt0.o
LOAD Core/Src/main.o
LOAD Core/Src/gpio.o
LOAD Core/Src/adc.o
LOAD Core/Src/stm32f1xx_it.o
LOAD Core/Src/system_stm32f1xx.o
LOAD Core/Src/syscalls.o
LOAD Core/Src/stm32f1xx_hal_msp.o
LOAD Drivers/STM32F1xx_HAL_Driver/Src/stm32f1xx_hal.o
LOAD Drivers/STM32F1xx_HAL_Driver/Src/stm32f1xx_hal_gpio.o
LOAD Drivers/STM32F1xx_HAL_Driver/Src/stm32f1xx_hal_rcc.o
LOAD Drivers/STM32F1xx_HAL_Driver/Src/stm32f1xx_hal_rcc_ex.o
LOAD Drivers/STM32F1xx_HAL_Driver/Src/stm32f1xx_hal_cortex.o
LOAD Drivers/STM32F1xx_HAL_Driver/Src/stm32f1xx_hal_dma.o
LOAD Drivers/STM32F1xx_HAL_Driver/Src/stm32f1xx_hal_flash.o
LOAD Drivers/STM32F1xx_HAL_Driver/Src/stm32f1xx_hal_flash_ex.o
LOAD Drivers/STM32F1xx_HAL_Driver/Src/stm32f1xx_hal_pwr.o
LOAD Drivers/STM32F1xx_HAL_Driver/Src/stm32f1xx_hal_exti.o
LOAD Drivers/STM32F1xx_HAL_Driver/Src/stm32f1xx_hal_uart.o
LOAD Drivers/STM32F1xx_HAL_Driver/Src/stm32f1xx_hal_usart.o
LOAD Drivers/STM32F1xx_HAL_Driver/Src/stm32f1xx_hal_tim.o
LOAD Drivers/STM32F1xx_HAL_Driver/Src/stm32f1xx_hal_tim_ex.o
LOAD Drivers/STM32F1xx_HAL_Driver/Src/stm32f1xx_hal_adc.o
LOAD Drivers/STM32F1xx_HAL_Driver/Src/stm32f1xx_hal_adc_ex.o
LOAD Drivers/STM32F1xx_HAL_Driver/Src/stm32f1xx_hal_i2c.o
LOAD Drivers/STM32F1xx_HAL_Driver/Src/stm32f1xx_hal_spi.o
LOAD startup_stm32f103xb.o
START GROUP
LOAD C:/Users/JOHO/tools/xpack-arm-none-eabi-gcc-13.3.1-1.1/bin/../lib/gcc/arm-none-eabi/13.3.1/thumb/v7-m/nofp\libgcc.a
LOAD C:/Users/JOHO/tools/xpack-arm-none-eabi-gcc-13.3.1-1.1/bin/../lib/gcc/arm-none-eabi/13.3.1/../../../../arm-none-eabi/lib/thumb/v7-m/nofp\libc_nano.a
END GROUP
START GROUP
LOAD C:/Users/JOHO/tools/xpack-arm-none-eabi-gcc-13.3.1-1.1/bin/../lib/gcc/arm-none-eabi/13.3.1/thumb/v7-m/nofp\libgcc.a
LOAD C:/Users/JOHO/tools/xpack-arm-none-eabi-gcc-13.3.1-1.1/bin/../lib/gcc/arm-none-eabi/13.3.1/../../../../arm-none-eabi/lib/thumb/v7-m/nofp\libc_nano.a
LOAD C:/Users/JOHO/tools/xpack-arm-none-eabi-gcc-13.3.1-1.1/bin/../lib/gcc/arm-none-eabi/13.3.1/../../../../arm-none-eabi/lib/thumb/v7-m/nofp\libnosys.a
END GROUP
START GROUP
LOAD C:/Users/JOHO/tools/xpack-arm-none-eabi-gcc-13.3.1-1.1/bin/../lib/gcc/arm-none-eabi/13.3.1/thumb/v7-m/nofp\libgcc.a
LOAD C:/Users/JOHO/tools/xpack-arm-none-eabi-gcc-13.3.1-1.1/bin/../lib/gcc/arm-none-eabi/13.3.1/../../../../arm-none-eabi/lib/thumb/v7-m/nofp\libc_nano.a
LOAD C:/Users/JOHO/tools/xpack-arm-none-eabi-gcc-13.3.1-1.1/bin/../lib/gcc/arm-none-eabi/13.3.1/../../../../arm-none-eabi/lib/thumb/v7-m/nofp\libnosys.a
END GROUP
LOAD C:/Users/JOHO/tools/xpack-arm-none-eabi-gcc-13.3.1-1.1/bin/../lib/gcc/arm-none-eabi/13.3.1/thumb/v7-m/nofp/crtend.o
LOAD C:/Users/JOHO/tools/xpack-arm-none-eabi-gcc-13.3.1-1.1/bin/../lib/gcc/arm-none-eabi/13.3.1/thumb/v7-m/nofp/crtn.o
                0x20005000                        _estack = (ORIGIN (RAM) + LENGTH (RAM))
                0x00000200                        _Min_Heap_Size = 0x200
                0x00000400                        _Min_Stack_Size = 0x400

.isr_vector     0x08000000      0x10c
 *(.isr_vector)
 .isr_vector    0x08000000      0x10c startup_stm32f103xb.o
                0x08000000                g_pfnVectors

.text           0x0800010c     0x1350
 *(.text)
 *(.text*)
 .text.__do_global_dtors_aux
                0x0800010c       0x24 C:/Users/JOHO/tools/xpack-arm-none-eabi-gcc-13.3.1-1.1/bin/../lib/gcc/arm-none-eabi/13.3.1/thumb/v7-m/nofp/crtbegin.o
 .text.frame_dummy
                0x08000130       0x1c C:/Users/JOHO/tools/xpack-arm-none-eabi-gcc-13.3.1-1.1/bin/../lib/gcc/arm-none-eabi/13.3.1/thumb/v7-m/nofp/crtbegin.o
 .text.startup.main
                0x0800014c       0x84 Core/Src/main.o
                0x0800014c                main
 .text.Error_Handler
                0x080001d0        0x4 Core/Src/main.o
                0x080001d0                Error_Handler
 .text.MX_GPIO_Init
                0x080001d4       0x68 Core/Src/gpio.o
                0x080001d4                MX_GPIO_Init
 .text.MX_ADC1_Init
                0x0800023c       0x50 Core/Src/adc.o
                0x0800023c                MX_ADC1_Init
 .text.HAL_ADC_MspInit
                0x0800028c       0xb4 Core/Src/adc.o
                0x0800028c                HAL_ADC_MspInit
 .text.NMI_Handler
                0x08000340        0x2 Core/Src/stm32f1xx_it.o
                0x08000340                NMI_Handler
 .text.HardFault_Handler
                0x08000342        0x2 Core/Src/stm32f1xx_it.o
                0x08000342                HardFault_Handler
 .text.MemManage_Handler
                0x08000344        0x2 Core/Src/stm32f1xx_it.o
                0x08000344                MemManage_Handler
 .text.BusFault_Handler
                0x08000346        0x2 Core/Src/stm32f1xx_it.o
                0x08000346                BusFault_Handler
 .text.UsageFault_Handler
                0x08000348        0x2 Core/Src/stm32f1xx_it.o
                0x08000348                UsageFault_Handler
 .text.SVC_Handler
                0x0800034a        0x2 Core/Src/stm32f1xx_it.o
                0x0800034a                SVC_Handler
 .text.DebugMon_Handler
                0x0800034c        0x2 Core/Src/stm32f1xx_it.o
                0x0800034c                DebugMon_Handler
 .text.PendSV_Handler
                0x0800034e        0x2 Core/Src/stm32f1xx_it.o
                0x0800034e                PendSV_Handler
 .text.SysTick_Handler
                0x08000350        0x4 Core/Src/stm32f1xx_it.o
                0x08000350                SysTick_Handler
 .text.DMA1_Channel1_IRQHandler
                0x08000354        0xc Core/Src/stm32f1xx_it.o
                0x08000354                DMA1_Channel1_IRQHandler
 .text.SystemInit
                0x08000360        0x2 Core/Src/system_stm32f1xx.o
                0x08000360                SystemInit
 *fill*         0x08000362        0x2 
 .text.HAL_MspInit
                0x08000364       0x44 Core/Src/stm32f1xx_hal_msp.o
                0x08000364                HAL_MspInit
 .text.HAL_InitTick
                0x080003a8       0x48 Drivers/STM32F1xx_HAL_Driver/Src/stm32f1xx_hal.o
                0x080003a8                HAL_InitTick
 .text.HAL_Init
                0x080003f0       0x24 Drivers/STM32F1xx_HAL_Driver/Src/stm32f1xx_hal.o
                0x080003f0                HAL_Init
 .text.HAL_IncTick
                0x08000414       0x18 Drivers/STM32F1xx_HAL_Driver/Src/stm32f1xx_hal.o
                0x08000414                HAL_IncTick
 .text.HAL_GetTick
                0x0800042c        0xc Drivers/STM32F1xx_HAL_Driver/Src/stm32f1xx_hal.o
                0x0800042c                HAL_GetTick
 .text.HAL_Delay
                0x08000438       0x24 Drivers/STM32F1xx_HAL_Driver/Src/stm32f1xx_hal.o
                0x08000438                HAL_Delay
 .text.HAL_GPIO_Init
                0x0800045c      0x1a8 Drivers/STM32F1xx_HAL_Driver/Src/stm32f1xx_hal_gpio.o
                0x0800045c                HAL_GPIO_Init
 .text.HAL_GPIO_WritePin
                0x08000604        0xa Drivers/STM32F1xx_HAL_Driver/Src/stm32f1xx_hal_gpio.o
                0x08000604                HAL_GPIO_WritePin
 *fill*         0x0800060e        0x2 
 .text.HAL_RCC_OscConfig
                0x08000610      0x338 Drivers/STM32F1xx_HAL_Driver/Src/stm32f1xx_hal_rcc.o
                0x08000610                HAL_RCC_OscConfig
 .text.HAL_RCC_GetSysClockFreq
                0x08000948       0x4c Drivers/STM32F1xx_HAL_Driver/Src/stm32f1xx_hal_rcc.o
                0x08000948                HAL_RCC_GetSysClockFreq
 .text.HAL_RCC_ClockConfig
                0x08000994      0x138 Drivers/STM32F1xx_HAL_Driver/Src/stm32f1xx_hal_rcc.o
                0x08000994                HAL_RCC_ClockConfig
 .text.HAL_RCC_GetPCLK2Freq
                0x08000acc       0x20 Drivers/STM32F1xx_HAL_Driver/Src/stm32f1xx_hal_rcc.o
                0x08000acc                HAL_RCC_GetPCLK2Freq
 .text.HAL_RCCEx_GetPeriphCLKFreq
                0x08000aec       0xbc Drivers/STM32F1xx_HAL_Driver/Src/stm32f1xx_hal_rcc_ex.o
                0x08000aec                HAL_RCCEx_GetPeriphCLKFreq
 .text.HAL_NVIC_SetPriorityGrouping
                0x08000ba8       0x24 Drivers/STM32F1xx_HAL_Driver/Src/stm32f1xx_hal_cortex.o
                0x08000ba8                HAL_NVIC_SetPriorityGrouping
 .text.HAL_NVIC_SetPriority
                0x08000bcc       0x60 Drivers/STM32F1xx_HAL_Driver/Src/stm32f1xx_hal_cortex.o
                0x08000bcc                HAL_NVIC_SetPriority
 .text.HAL_NVIC_EnableIRQ
                0x08000c2c       0x1c Drivers/STM32F1xx_HAL_Driver/Src/stm32f1xx_hal_cortex.o
                0x08000c2c                HAL_NVIC_EnableIRQ
 .text.HAL_SYSTICK_Config
                0x08000c48       0x28 Drivers/STM32F1xx_HAL_Driver/Src/stm32f1xx_hal_cortex.o
                0x08000c48                HAL_SYSTICK_Config
 .text.HAL_DMA_Init
                0x08000c70       0x60 Drivers/STM32F1xx_HAL_Driver/Src/stm32f1xx_hal_dma.o
                0x08000c70                HAL_DMA_Init
 .text.HAL_DMA_Start_IT
                0x08000cd0       0x78 Drivers/STM32F1xx_HAL_Driver/Src/stm32f1xx_hal_dma.o
                0x08000cd0                HAL_DMA_Start_IT
 .text.HAL_DMA_IRQHandler
                0x08000d48      0x128 Drivers/STM32F1xx_HAL_Driver/Src/stm32f1xx_hal_dma.o
                0x08000d48                HAL_DMA_IRQHandler
 .text.HAL_ADC_ConvCpltCallback
                0x08000e70        0x2 Drivers/STM32F1xx_HAL_Driver/Src/stm32f1xx_hal_adc.o
                0x08000e70                HAL_ADC_ConvCpltCallback
 .text.ADC_DMAConvCplt
                0x08000e72       0x4e Drivers/STM32F1xx_HAL_Driver/Src/stm32f1xx_hal_adc.o
                0x08000e72                ADC_DMAConvCplt
 .text.HAL_ADC_ConvHalfCpltCallback
                0x08000ec0        0x2 Drivers/STM32F1xx_HAL_Driver/Src/stm32f1xx_hal_adc.o
                0x08000ec0                HAL_ADC_ConvHalfCpltCallback
 .text.ADC_DMAHalfConvCplt
                0x08000ec2        0xa Drivers/STM32F1xx_HAL_Driver/Src/stm32f1xx_hal_adc.o
                0x08000ec2                ADC_DMAHalfConvCplt
 .text.HAL_ADC_ErrorCallback
                0x08000ecc        0x2 Drivers/STM32F1xx_HAL_Driver/Src/stm32f1xx_hal_adc.o
                0x08000ecc                HAL_ADC_ErrorCallback
 .text.ADC_DMAError
                0x08000ece       0x1a Drivers/STM32F1xx_HAL_Driver/Src/stm32f1xx_hal_adc.o
                0x08000ece                ADC_DMAError
 .text.HAL_ADC_ConfigChannel
                0x08000ee8       0xfc Drivers/STM32F1xx_HAL_Driver/Src/stm32f1xx_hal_adc.o
                0x08000ee8                HAL_ADC_ConfigChannel
 .text.ADC_Enable
                0x08000fe4       0x78 Drivers/STM32F1xx_HAL_Driver/Src/stm32f1xx_hal_adc.o
                0x08000fe4                ADC_Enable
 .text.HAL_ADC_Start_DMA
                0x0800105c      0x11c Drivers/STM32F1xx_HAL_Driver/Src/stm32f1xx_hal_adc.o
                0x0800105c                HAL_ADC_Start_DMA
 .text.ADC_ConversionStop_Disable
                0x08001178       0x4c Drivers/STM32F1xx_HAL_Driver/Src/stm32f1xx_hal_adc.o
                0x08001178                ADC_ConversionStop_Disable
 .text.HAL_ADC_Init
                0x080011c4       0xfc Drivers/STM32F1xx_HAL_Driver/Src/stm32f1xx_hal_adc.o
                0x080011c4                HAL_ADC_Init
 .text.HAL_ADCEx_Calibration_Start
                0x080012c0       0xe0 Drivers/STM32F1xx_HAL_Driver/Src/stm32f1xx_hal_adc_ex.o
                0x080012c0                HAL_ADCEx_Calibration_Start
 .text.Reset_Handler
                0x080013a0       0x48 startup_stm32f103xb.o
                0x080013a0                Reset_Handler
 .text.Default_Handler
                0x080013e8        0x2 startup_stm32f103xb.o
                0x080013e8                RTC_Alarm_IRQHandler
                0x080013e8                EXTI2_IRQHandler
                0x080013e8                TIM1_CC_IRQHandler
                0x080013e8                PVD_IRQHandler
                0x080013e8                EXTI3_IRQHandler
                0x080013e8                EXTI0_IRQHandler
                0x080013e8                I2C2_EV_IRQHandler
                0x080013e8                ADC1_2_IRQHandler
                0x080013e8                SPI1_IRQHandler
                0x080013e8                TAMPER_IRQHandler
                0x080013e8                DMA1_Channel4_IRQHandler
                0x080013e8                USART3_IRQHandler
                0x080013e8                RTC_IRQHandler
                0x080013e8                DMA1_Channel7_IRQHandler
                0x080013e8                CAN1_RX1_IRQHandler
                0x080013e8                TIM4_IRQHandler
                0x080013e8                I2C1_EV_IRQHandler
                0x080013e8                DMA1_Channel6_IRQHandler
                0x080013e8                TIM3_IRQHandler
                0x080013e8                RCC_IRQHandler
                0x080013e8                TIM1_TRG_COM_IRQHandler
                0x080013e8                Default_Handler
                0x080013e8                EXTI15_10_IRQHandler
                0x080013e8                EXTI9_5_IRQHandler
                0x080013e8                SPI2_IRQHandler
                0x080013e8                DMA1_Channel5_IRQHandler
                0x080013e8                EXTI4_IRQHandler
                0x080013e8                USB_LP_CAN1_RX0_IRQHandler
                0x080013e8                USB_HP_CAN1_TX_IRQHandler
                0x080013e8                DMA1_Channel3_IRQHandler
                0x080013e8                TIM1_UP_IRQHandler
                0x080013e8                WWDG_IRQHandler
                0x080013e8                TIM2_IRQHandler
                0x080013e8                TIM1_BRK_IRQHandler
                0x080013e8                EXTI1_IRQHandler
                0x080013e8                USART2_IRQHandler
                0x080013e8                I2C2_ER_IRQHandler
                0x080013e8                DMA1_Channel2_IRQHandler
                0x080013e8                CAN1_SCE_IRQHandler
                0x080013e8                FLASH_IRQHandler
                0x080013e8                USART1_IRQHandler
                0x080013e8                I2C1_ER_IRQHandler
                0x080013e8                USBWakeUp_IRQHandler
 .text.memset   0x080013ea       0x10 C:/Users/JOHO/tools/xpack-arm-none-eabi-gcc-13.3.1-1.1/bin/../lib/gcc/arm-none-eabi/13.3.1/../../../../arm-none-eabi/lib/thumb/v7-m/nofp\libc_nano.a(libc_a-memset.o)
                0x080013ea                memset
 *fill*         0x080013fa        0x2 
 .text.__libc_init_array
                0x080013fc       0x48 C:/Users/JOHO/tools/xpack-arm-none-eabi-gcc-13.3.1-1.1/bin/../lib/gcc/arm-none-eabi/13.3.1/../../../../arm-none-eabi/lib/thumb/v7-m/nofp\libc_nano.a(libc_a-init.o)
                0x080013fc                __libc_init_array
 *(.glue_7)
 .glue_7        0x08001444        0x0 linker stubs
 *(.glue_7t)
 .glue_7t       0x08001444        0x0 linker stubs
 *(.eh_frame)
 .eh_frame      0x08001444        0x0 C:/Users/JOHO/tools/xpack-arm-none-eabi-gcc-13.3.1-1.1/bin/../lib/gcc/arm-none-eabi/13.3.1/thumb/v7-m/nofp/crtbegin.o
 *(.init)
 .init          0x08001444        0x4 C:/Users/JOHO/tools/xpack-arm-none-eabi-gcc-13.3.1-1.1/bin/../lib/gcc/arm-none-eabi/13.3.1/thumb/v7-m/nofp/crti.o
                0x08001444                _init
 .init          0x08001448        0x8 C:/Users/JOHO/tools/xpack-arm-none-eabi-gcc-13.3.1-1.1/bin/../lib/gcc/arm-none-eabi/13.3.1/thumb/v7-m/nofp/crtn.o
 *(.fini)
 .fini          0x08001450        0x4 C:/Users/JOHO/tools/xpack-arm-none-eabi-gcc-13.3.1-1.1/bin/../lib/gcc/arm-none-eabi/13.3.1/thumb/v7-m/nofp/crti.o
                0x08001450                _fini
 .fini          0x08001454        0x8 C:/Users/JOHO/tools/xpack-arm-none-eabi-gcc-13.3.1-1.1/bin/../lib/gcc/arm-none-eabi/13.3.1/thumb/v7-m/nofp/crtn.o

.vfp11_veneer   0x0800145c        0x0
 .vfp11_veneer  0x0800145c        0x0 linker stubs

.v4_bx          0x0800145c        0x0
 .v4_bx         0x0800145c        0x0 linker stubs

.iplt           0x0800145c        0x0
 .iplt          0x0800145c        0x0 C:/Users/JOHO/tools/xpack-arm-none-eabi-gcc-13.3.1-1.1/bin/../lib/gcc/arm-none-eabi/13.3.1/thumb/v7-m/nofp/crtbegin.o

.rodata         0x0800145c       0x3c
 *(.rodata)
 *(.rodata*)
 .rodata.APBPrescTable
                0x0800145c        0x8 Core/Src/system_stm32f1xx.o
                0x0800145c                APBPrescTable
 .rodata.AHBPrescTable
                0x08001464       0x10 Core/Src/system_stm32f1xx.o
                0x08001464                AHBPrescTable
 .rodata.aPredivFactorTable.0
                0x08001474        0x2 Drivers/STM32F1xx_HAL_Driver/Src/stm32f1xx_hal_rcc.o
 .rodata.aPLLMULFactorTable.1
                0x08001476       0x10 Drivers/STM32F1xx_HAL_Driver/Src/stm32f1xx_hal_rcc.o
 .rodata.aPredivFactorTable.0
                0x08001486        0x2 Drivers/STM32F1xx_HAL_Driver/Src/stm32f1xx_hal_rcc_ex.o
 .rodata.aPLLMULFactorTable.1
                0x08001488       0x10 Drivers/STM32F1xx_HAL_Driver/Src/stm32f1xx_hal_rcc_ex.o

.rel.dyn        0x08001498        0x0
 .rel.iplt      0x08001498        0x0 C:/Users/JOHO/tools/xpack-arm-none-eabi-gcc-13.3.1-1.1/bin/../lib/gcc/arm-none-eabi/13.3.1/thumb/v7-m/nofp/crtbegin.o

.ARM.extab
 *(.ARM.extab* .gnu.linkonce.armextab.*)

.ARM            0x08001498      0x358
 *(.ARM*)
 .ARM.attributes
                0x08001498       0x1d C:/Users/JOHO/tools/xpack-arm-none-eabi-gcc-13.3.1-1.1/bin/../lib/gcc/arm-none-eabi/13.3.1/thumb/v7-m/nofp/crti.o
 .ARM.attributes
                0x080014b5       0x2d C:/Users/JOHO/tools/xpack-arm-none-eabi-gcc-13.3.1-1.1/bin/../lib/gcc/arm-none-eabi/13.3.1/thumb/v7-m/nofp/crtbegin.o
 .ARM.attributes
                0x080014e2       0x2d Core/Src/main.o
 .ARM.attributes
                0x0800150f       0x2d Core/Src/gpio.o
 .ARM.attributes
                0x0800153c       0x2d Core/Src/adc.o
 .ARM.attributes
                0x08001569       0x2d Core/Src/stm32f1xx_it.o
 .ARM.attributes
                0x08001596       0x2d Core/Src/system_stm32f1xx.o
 .ARM.attributes
                0x080015c3       0x2d Core/Src/stm32f1xx_hal_msp.o
 .ARM.attributes
                0x080015f0       0x2d Drivers/STM32F1xx_HAL_Driver/Src/stm32f1xx_hal.o
 .ARM.attributes
                0x0800161d       0x2d Drivers/STM32F1xx_HAL_Driver/Src/stm32f1xx_hal_gpio.o
 .ARM.attributes
                0x0800164a       0x2d Drivers/STM32F1xx_HAL_Driver/Src/stm32f1xx_hal_rcc.o
 .ARM.attributes
                0x08001677       0x2d Drivers/STM32F1xx_HAL_Driver/Src/stm32f1xx_hal_rcc_ex.o
 .ARM.attributes
                0x080016a4       0x2d Drivers/STM32F1xx_HAL_Driver/Src/stm32f1xx_hal_cortex.o
 .ARM.attributes
                0x080016d1       0x2d Drivers/STM32F1xx_HAL_Driver/Src/stm32f1xx_hal_dma.o
 .ARM.attributes
                0x080016fe       0x2d Drivers/STM32F1xx_HAL_Driver/Src/stm32f1xx_hal_adc.o
 .ARM.attributes
                0x0800172b       0x2d Drivers/STM32F1xx_HAL_Driver/Src/stm32f1xx_hal_adc_ex.o
 .ARM.attributes
                0x08001758       0x21 startup_stm32f103xb.o
 .ARM.attributes
                0x08001779       0x2d C:/Users/JOHO/tools/xpack-arm-none-eabi-gcc-13.3.1-1.1/bin/../lib/gcc/arm-none-eabi/13.3.1/../../../../arm-none-eabi/lib/thumb/v7-m/nofp\libc_nano.a(libc_a-memset.o)
 .ARM.attributes
                0x080017a6       0x2d C:/Users/JOHO/tools/xpack-arm-none-eabi-gcc-13.3.1-1.1/bin/../lib/gcc/arm-none-eabi/13.3.1/../../../../arm-none-eabi/lib/thumb/v7-m/nofp\libc_nano.a(libc_a-init.o)
 .ARM.attributes
                0x080017d3       0x1d C:/Users/JOHO/tools/xpack-arm-none-eabi-gcc-13.3.1-1.1/bin/../lib/gcc/arm-none-eabi/13.3.1/thumb/v7-m/nofp/crtn.o

.preinit_array  0x08001498        0x0
                0x08001498                        PROVIDE (__preinit_array_start = .)
 *(.preinit_array*)
                0x08001498                        PROVIDE (__preinit_array_end = .)

.init_array     0x08001498        0x4
                0x08001498                        PROVIDE (__init_array_start = .)
 *(SORT_BY_NAME(.init_array.*))
 *(.init_array*)
 .init_array    0x08001498        0x4 C:/Users/JOHO/tools/xpack-arm-none-eabi-gcc-13.3.1-1.1/bin/../lib/gcc/arm-none-eabi/13.3.1/thumb/v7-m/nofp/crtbegin.o
                0x0800149c                        PROVIDE (__init_array_end = .)

.fini_array     0x0800149c        0x4
                0x0800149c                        PROVIDE (__fini_array_start = .)
 *(SORT_BY_NAME(.fini_array.*))
 *(.fini_array*)
 .fini_array    0x0800149c        0x4 C:/Users/JOHO/tools/xpack-arm-none-eabi-gcc-13.3.1-1.1/bin/../lib/gcc/arm-none-eabi/13.3.1/thumb/v7-m/nofp/crtbegin.o
                0x080014a0                        PROVIDE (__fini_array_end = .)
                0x080014a0                        _sidata = LOADADDR (.data)

.data           0x20000000        0xc load address 0x080014a0
                0x20000000                        _sdata = .
 *(.data)
 *(.data*)
 .data.SystemCoreClock
                0x20000000        0x4 Core/Src/system_stm32f1xx.o
                0x20000000                SystemCoreClock
 .data.uwTickFreq
                0x20000004        0x1 Drivers/STM32F1xx_HAL_Driver/Src/stm32f1xx_hal.o
                0x20000004                uwTickFreq
 *fill*         0x20000005        0x3 
 .data.uwTickPrio
                0x20000008        0x4 Drivers/STM32F1xx_HAL_Driver/Src/stm32f1xx_hal.o
                0x20000008                uwTickPrio
                0x2000000c                        . = ALIGN (0x4)
                0x2000000c                        _edata = .

.igot.plt       0x2000000c        0x0 load address 0x080014ac
 .igot.plt      0x2000000c        0x0 C:/Users/JOHO/tools/xpack-arm-none-eabi-gcc-13.3.1-1.1/bin/../lib/gcc/arm-none-eabi/13.3.1/thumb/v7-m/nofp/crtbegin.o

.bss            0x2000000c       0x98 load address 0x080014ac
                0x2000000c                        _sbss = .
                0x2000000c                        __bss_start__ = _sbss
 *(.bss)
 *(.bss*)
 .bss.completed.1
                0x2000000c        0x1 C:/Users/JOHO/tools/xpack-arm-none-eabi-gcc-13.3.1-1.1/bin/../lib/gcc/arm-none-eabi/13.3.1/thumb/v7-m/nofp/crtbegin.o
 *fill*         0x2000000d        0x3 
 .bss.object.0  0x20000010       0x18 C:/Users/JOHO/tools/xpack-arm-none-eabi-gcc-13.3.1-1.1/bin/../lib/gcc/arm-none-eabi/13.3.1/thumb/v7-m/nofp/crtbegin.o
 .bss.adc_dma   0x20000028        0x2 Core/Src/main.o
 *fill*         0x2000002a        0x2 
 .bss.hdma_adc1
                0x2000002c       0x44 Core/Src/adc.o
                0x2000002c                hdma_adc1
 .bss.hadc1     0x20000070       0x30 Core/Src/adc.o
                0x20000070                hadc1
 .bss.uwTick    0x200000a0        0x4 Drivers/STM32F1xx_HAL_Driver/Src/stm32f1xx_hal.o
                0x200000a0                uwTick
 *(COMMON)
                0x200000a4                        . = ALIGN (0x4)
                0x200000a4                        _ebss = .
                0x200000a4                        __bss_end__ = _ebss

._user_heap_stack
                0x200000a4      0x604 load address 0x080014ac
                0x200000a8                        . = ALIGN (0x8)
 *fill*         0x200000a4        0x4 
                [!provide]                        PROVIDE (end = .)
                0x200000a8                        PROVIDE (_end = .)
                0x200002a8                        . = (. + _Min_Heap_Size)
 *fill*         0x200000a8      0x200 
                0x200006a8                        . = (. + _Min_Stack_Size)
 *fill*         0x200002a8      0x400 
                0x200006a8                        . = ALIGN (0x8)

/DISCARD/
 libc.a(*)
 libm.a(*)
 libgcc.a(*)
OUTPUT(firmware.elf elf32-littlearm)
LOAD linker stubs
LOAD C:/Users/JOHO/tools/xpack-arm-none-eabi-gcc-13.3.1-1.1/bin/../lib/gcc/arm-none-eabi/13.3.1/../../../../arm-none-eabi/lib/thumb/v7-m/nofp\libc.a
LOAD C:/Users/JOHO/tools/xpack-arm-none-eabi-gcc-13.3.1-1.1/bin/../lib/gcc/arm-none-eabi/13.3.1/../../../../arm-none-eabi/lib/thumb/v7-m/nofp\libm.a
LOAD C:/Users/JOHO/tools/xpack-arm-none-eabi-gcc-13.3.1-1.1/bin/../lib/gcc/arm-none-eabi/13.3.1/thumb/v7-m/nofp\libgcc.a

.comment        0x00000000       0x39
 .comment       0x00000000       0x39 C:/Users/JOHO/tools/xpack-arm-none-eabi-gcc-13.3.1-1.1/bin/../lib/gcc/arm-none-eabi/13.3.1/thumb/v7-m/nofp/crtbegin.o
                                 0x3a (size before relaxing)
 .comment       0x00000039       0x3a Core/Src/main.o
 .comment       0x00000039       0x3a Core/Src/gpio.o
 .comment       0x00000039       0x3a Core/Src/adc.o
 .comment       0x00000039       0x3a Core/Src/stm32f1xx_it.o
 .comment       0x00000039       0x3a Core/Src/system_stm32f1xx.o
 .comment       0x00000039       0x3a Core/Src/stm32f1xx_hal_msp.o
 .comment       0x00000039       0x3a Drivers/STM32F1xx_HAL_Driver/Src/stm32f1xx_hal.o
 .comment       0x00000039       0x3a Drivers/STM32F1xx_HAL_Driver/Src/stm32f1xx_hal_gpio.o
 .comment       0x00000039       0x3a Drivers/STM32F1xx_HAL_Driver/Src/stm32f1xx_hal_rcc.o
 .comment       0x00000039       0x3a Drivers/STM32F1xx_HAL_Driver/Src/stm32f1xx_hal_rcc_ex.o
 .comment       0x00000039       0x3a Drivers/STM32F1xx_HAL_Driver/Src/stm32f1xx_hal_cortex.o
 .comment       0x00000039       0x3a Drivers/STM32F1xx_HAL_Driver/Src/stm32f1xx_hal_dma.o
 .comment       0x00000039       0x3a Drivers/STM32F1xx_HAL_Driver/Src/stm32f1xx_hal_adc.o
 .comment       0x00000039       0x3a Drivers/STM32F1xx_HAL_Driver/Src/stm32f1xx_hal_adc_ex.o
 .comment       0x00000039       0x3a C:/Users/JOHO/tools/xpack-arm-none-eabi-gcc-13.3.1-1.1/bin/../lib/gcc/arm-none-eabi/13.3.1/../../../../arm-none-eabi/lib/thumb/v7-m/nofp\libc_nano.a(libc_a-memset.o)
 .comment       0x00000039       0x3a C:/Users/JOHO/tools/xpack-arm-none-eabi-gcc-13.3.1-1.1/bin/../lib/gcc/arm-none-eabi/13.3.1/../../../../arm-none-eabi/lib/thumb/v7-m/nofp\libc_nano.a(libc_a-init.o)

.debug_info     0x00000000     0x68da
 .debug_info    0x00000000      0x8e3 Core/Src/main.o
 .debug_info    0x000008e3      0x2f6 Core/Src/gpio.o
 .debug_info    0x00000bd9      0x9f6 Core/Src/adc.o
 .debug_info    0x000015cf      0x360 Core/Src/stm32f1xx_it.o
 .debug_info    0x0000192f      0x22d Core/Src/system_stm32f1xx.o
 .debug_info    0x00001b5c      0x1e8 Core/Src/stm32f1xx_hal_msp.o
 .debug_info    0x00001d44      0x7d8 Drivers/STM32F1xx_HAL_Driver/Src/stm32f1xx_hal.o
 .debug_info    0x0000251c      0x60e Drivers/STM32F1xx_HAL_Driver/Src/stm32f1xx_hal_gpio.o
 .debug_info    0x00002b2a      0x9f7 Drivers/STM32F1xx_HAL_Driver/Src/stm32f1xx_hal_rcc.o
 .debug_info    0x00003521      0x41c Drivers/STM32F1xx_HAL_Driver/Src/stm32f1xx_hal_rcc_ex.o
 .debug_info    0x0000393d      0xce9 Drivers/STM32F1xx_HAL_Driver/Src/stm32f1xx_hal_cortex.o
 .debug_info    0x00004626      0x7e4 Drivers/STM32F1xx_HAL_Driver/Src/stm32f1xx_hal_dma.o
 .debug_info    0x00004e0a      0xea5 Drivers/STM32F1xx_HAL_Driver/Src/stm32f1xx_hal_adc.o
 .debug_info    0x00005caf      0xc2b Drivers/STM32F1xx_HAL_Driver/Src/stm32f1xx_hal_adc_ex.o

.debug_abbrev   0x00000000     0x1e05
 .debug_abbrev  0x00000000      0x29b Core/Src/main.o
 .debug_abbrev  0x0000029b      0x162 Core/Src/gpio.o
 .debug_abbrev  0x000003fd      0x219 Core/Src/adc.o
 .debug_abbrev  0x00000616      0x1af Core/Src/stm32f1xx_it.o
 .debug_abbrev  0x000007c5      0x143 Core/Src/system_stm32f1xx.o
 .debug_abbrev  0x00000908       0xe9 Core/Src/stm32f1xx_hal_msp.o
 .debug_abbrev  0x000009f1      0x270 Drivers/STM32F1xx_HAL_Driver/Src/stm32f1xx_hal.o
 .debug_abbrev  0x00000c61      0x1fe Drivers/STM32F1xx_HAL_Driver/Src/stm32f1xx_hal_gpio.o
 .debug_abbrev  0x00000e5f      0x2fd Drivers/STM32F1xx_HAL_Driver/Src/stm32f1xx_hal_rcc.o
 .debug_abbrev  0x0000115c      0x1d6 Drivers/STM32F1xx_HAL_Driver/Src/stm32f1xx_hal_rcc_ex.o
 .debug_abbrev  0x00001332      0x369 Drivers/STM32F1xx_HAL_Driver/Src/stm32f1xx_hal_cortex.o
 .debug_abbrev  0x0000169b      0x25e Drivers/STM32F1xx_HAL_Driver/Src/stm32f1xx_hal_dma.o
 .debug_abbrev  0x000018f9      0x276 Drivers/STM32F1xx_HAL_Driver/Src/stm32f1xx_hal_adc.o
 .debug_abbrev  0x00001b6f      0x296 Drivers/STM32F1xx_HAL_Driver/Src/stm32f1xx_hal_adc_ex.o

.debug_aranges  0x00000000      0x590
 .debug_aranges
                0x00000000       0x30 Core/Src/main.o
 .debug_aranges
                0x00000030       0x20 Core/Src/gpio.o
 .debug_aranges
                0x00000050       0x28 Core/Src/adc.o
 .debug_aranges
                0x00000078       0x68 Core/Src/stm32f1xx_it.o
 .debug_aranges
                0x000000e0       0x28 Core/Src/system_stm32f1xx.o
 .debug_aranges
                0x00000108       0x20 Core/Src/stm32f1xx_hal_msp.o
 .debug_aranges
                0x00000128       0xe0 Drivers/STM32F1xx_HAL_Driver/Src/stm32f1xx_hal.o
 .debug_aranges
                0x00000208       0x58 Drivers/STM32F1xx_HAL_Driver/Src/stm32f1xx_hal_gpio.o
 .debug_aranges
                0x00000260       0x88 Drivers/STM32F1xx_HAL_Driver/Src/stm32f1xx_hal_rcc.o
 .debug_aranges
                0x000002e8       0x30 Drivers/STM32F1xx_HAL_Driver/Src/stm32f1xx_hal_rcc_ex.o
 .debug_aranges
                0x00000318       0x90 Drivers/STM32F1xx_HAL_Driver/Src/stm32f1xx_hal_cortex.o
 .debug_aranges
                0x000003a8       0x78 Drivers/STM32F1xx_HAL_Driver/Src/stm32f1xx_hal_dma.o
 .debug_aranges
                0x00000420       0xf0 Drivers/STM32F1xx_HAL_Driver/Src/stm32f1xx_hal_adc.o
 .debug_aranges
                0x00000510       0x80 Drivers/STM32F1xx_HAL_Driver/Src/stm32f1xx_hal_adc_ex.o

.debug_rnglists
                0x00000000      0x53f
 .debug_rnglists
                0x00000000       0x20 Core/Src/main.o
 .debug_rnglists
                0x00000020       0x31 Core/Src/gpio.o
 .debug_rnglists
                0x00000051       0x41 Core/Src/adc.o
 .debug_rnglists
                0x00000092       0x49 Core/Src/stm32f1xx_it.o
 .debug_rnglists
                0x000000db       0x19 Core/Src/system_stm32f1xx.o
 .debug_rnglists
                0x000000f4       0x37 Core/Src/stm32f1xx_hal_msp.o
 .debug_rnglists
                0x0000012b       0xa3 Drivers/STM32F1xx_HAL_Driver/Src/stm32f1xx_hal.o
 .debug_rnglists
                0x000001ce       0x51 Drivers/STM32F1xx_HAL_Driver/Src/stm32f1xx_hal_gpio.o
 .debug_rnglists
                0x0000021f       0x85 Drivers/STM32F1xx_HAL_Driver/Src/stm32f1xx_hal_rcc.o
 .debug_rnglists
                0x000002a4       0x3f Drivers/STM32F1xx_HAL_Driver/Src/stm32f1xx_hal_rcc_ex.o
 .debug_rnglists
                0x000002e3       0xd3 Drivers/STM32F1xx_HAL_Driver/Src/stm32f1xx_hal_cortex.o
 .debug_rnglists
                0x000003b6       0x70 Drivers/STM32F1xx_HAL_Driver/Src/stm32f1xx_hal_dma.o
 .debug_rnglists
                0x00000426       0xb7 Drivers/STM32F1xx_HAL_Driver/Src/stm32f1xx_hal_adc.o
 .debug_rnglists
                0x000004dd       0x62 Drivers/STM32F1xx_HAL_Driver/Src/stm32f1xx_hal_adc_ex.o

.debug_line     0x00000000     0x56db
 .debug_line    0x00000000      0x3b5 Core/Src/main.o
 .debug_line    0x000003b5      0x1d1 Core/Src/gpio.o
 .debug_line    0x00000586      0x34f Core/Src/adc.o
 .debug_line    0x000008d5      0x27b Core/Src/stm32f1xx_it.o
 .debug_line    0x00000b50      0x20d Core/Src/system_stm32f1xx.o
 .debug_line    0x00000d5d      0x172 Core/Src/stm32f1xx_hal_msp.o
 .debug_line    0x00000ecf      0x53b Drivers/STM32F1xx_HAL_Driver/Src/stm32f1xx_hal.o
 .debug_line    0x0000140a      0x56c Drivers/STM32F1xx_HAL_Driver/Src/stm32f1xx_hal_gpio.o
 .debug_line    0x00001976      0xc8d Drivers/STM32F1xx_HAL_Driver/Src/stm32f1xx_hal_rcc.o
 .debug_line    0x00002603      0x4b3 Drivers/STM32F1xx_HAL_Driver/Src/stm32f1xx_hal_rcc_ex.o
 .debug_line    0x00002ab6      0x67e Drivers/STM32F1xx_HAL_Driver/Src/stm32f1xx_hal_cortex.o
 .debug_line    0x00003134      0xab4 Drivers/STM32F1xx_HAL_Driver/Src/stm32f1xx_hal_dma.o
 .debug_line    0x00003be8      0xee9 Drivers/STM32F1xx_HAL_Driver/Src/stm32f1xx_hal_adc.o
 .debug_line    0x00004ad1      0xc0a Drivers/STM32F1xx_HAL_Driver/Src/stm32f1xx_hal_adc_ex.o

.debug_str      0x00000000     0x1e7c
 .debug_str     0x00000000     0x1e7c Core/Src/main.o
                                0x6c5 (size before relaxing)
 .debug_str     0x00001e7c      0x28a Core/Src/gpio.o
 .debug_str     0x00001e7c      0x90f Core/Src/adc.o
 .debug_str     0x00001e7c      0x435 Core/Src/stm32f1xx_it.o
 .debug_str     0x00001e7c      0x246 Core/Src/system_stm32f1xx.o
 .debug_str     0x00001e7c      0x211 Core/Src/stm32f1xx_hal_msp.o
 .debug_str     0x00001e7c      0x820 Drivers/STM32F1xx_HAL_Driver/Src/stm32f1xx_hal.o
 .debug_str     0x00001e7c      0x3f2 Drivers/STM32F1xx_HAL_Driver/Src/stm32f1xx_hal_gpio.o
 .debug_str     0x00001e7c      0x61d Drivers/STM32F1xx_HAL_Driver/Src/stm32f1xx_hal_rcc.o
 .debug_str     0x00001e7c      0x3c5 Drivers/STM32F1xx_HAL_Driver/Src/stm32f1xx_hal_rcc_ex.o
 .debug_str     0x00001e7c      0x8c5 Drivers/STM32F1xx_HAL_Driver/Src/stm32f1xx_hal_cortex.o
 .debug_str     0x00001e7c      0x5ef Drivers/STM32F1xx_HAL_Driver/Src/stm32f1xx_hal_dma.o
 .debug_str     0x00001e7c      0x8cc Drivers/STM32F1xx_HAL_Driver/Src/stm32f1xx_hal_adc.o
 .debug_str     0x00001e7c      0x8af Drivers/STM32F1xx_HAL_Driver/Src/stm32f1xx_hal_adc_ex.o

.debug_frame    0x00000000      0xc9c
 .debug_frame   0x00000000       0x48 Core/Src/main.o
 .debug_frame   0x00000048       0x30 Core/Src/gpio.o
 .debug_frame   0x00000078       0x54 Core/Src/adc.o
 .debug_frame   0x000000cc       0xb0 Core/Src/stm32f1xx_it.o
 .debug_frame   0x0000017c       0x30 Core/Src/system_stm32f1xx.o
 .debug_frame   0x000001ac       0x28 Core/Src/stm32f1xx_hal_msp.o
 .debug_frame   0x000001d4      0x1d4 Drivers/STM32F1xx_HAL_Driver/Src/stm32f1xx_hal.o
 .debug_frame   0x000003a8       0xd8 Drivers/STM32F1xx_HAL_Driver/Src/stm32f1xx_hal_gpio.o
 .debug_frame   0x00000480      0x13c Drivers/STM32F1xx_HAL_Driver/Src/stm32f1xx_hal_rcc.o
 .debug_frame   0x000005bc       0x60 Drivers/STM32F1xx_HAL_Driver/Src/stm32f1xx_hal_rcc_ex.o
 .debug_frame   0x0000061c      0x120 Drivers/STM32F1xx_HAL_Driver/Src/stm32f1xx_hal_cortex.o
 .debug_frame   0x0000073c      0x14c Drivers/STM32F1xx_HAL_Driver/Src/stm32f1xx_hal_dma.o
 .debug_frame   0x00000888      0x2a0 Drivers/STM32F1xx_HAL_Driver/Src/stm32f1xx_hal_adc.o
 .debug_frame   0x00000b28      0x174 Drivers/STM32F1xx_HAL_Driver/Src/stm32f1xx_hal_adc_ex.o

.debug_loclists
                0x00000000     0x1ffc
 .debug_loclists
                0x00000000       0x33 Core/Src/adc.o
 .debug_loclists
                0x00000033       0xac Core/Src/system_stm32f1xx.o
 .debug_loclists
                0x000000df       0x17 Core/Src/stm32f1xx_hal_msp.o
 .debug_loclists
                0x000000f6       0xd5 Drivers/STM32F1xx_HAL_Driver/Src/stm32f1xx_hal.o
 .debug_loclists
                0x000001cb      0x2e9 Drivers/STM32F1xx_HAL_Driver/Src/stm32f1xx_hal_gpio.o
 .debug_loclists
                0x000004b4      0x41d Drivers/STM32F1xx_HAL_Driver/Src/stm32f1xx_hal_rcc.o
 .debug_loclists
                0x000008d1      0x270 Drivers/STM32F1xx_HAL_Driver/Src/stm32f1xx_hal_rcc_ex.o
 .debug_loclists
                0x00000b41      0x3cb Drivers/STM32F1xx_HAL_Driver/Src/stm32f1xx_hal_cortex.o
 .debug_loclists
                0x00000f0c      0x4b9 Drivers/STM32F1xx_HAL_Driver/Src/stm32f1xx_hal_dma.o
 .debug_loclists
                0x000013c5      0x6c5 Drivers/STM32F1xx_HAL_Driver/Src/stm32f1xx_hal_adc.o
 .debug_loclists
                0x00001a8a      0x572 Drivers/STM32F1xx_HAL_Driver/Src/stm32f1xx_hal_adc_ex.o
