Archive member included to satisfy reference by file (symbol)

C:/Users/JOHO/tools/xpack-arm-none-eabi-gcc-13.3.1-1.1/bin/../lib/gcc/arm-none-eabi/13.3.1/../../../../arm-none-eabi/lib/thumb/v7-m/nofp\libc_nano.a(libc_a-atexit.o)
                              C:/Users/JOHO/tools/xpack-arm-none-eabi-gcc-13.3.1-1.1/bin/../lib/gcc/arm-none-eabi/13.3.1/../../../../arm-none-eabi/lib/thumb/v7-m/nofp/crt0.o (atexit)
C:/Users/JOHO/tools/xpack-arm-none-eabi-gcc-13.3.1-1.1/bin/../lib/gcc/arm-none-eabi/13.3.1/../../../../arm-none-eabi/lib/thumb/v7-m/nofp\libc_nano.a(libc_a-exit.o)
                              C:/Users/JOHO/tools/xpack-arm-none-eabi-gcc-13.3.1-1.1/bin/../lib/gcc/arm-none-eabi/13.3.1/../../../../arm-none-eabi/lib/thumb/v7-m/nofp/crt0.o (exit)
C:/Users/JOHO/tools/xpack-arm-none-eabi-gcc-13.3.1-1.1/bin/../lib/gcc/arm-none-eabi/13.3.1/../../../../arm-none-eabi/lib/thumb/v7-m/nofp\libc_nano.a(libc_a-findfp.o)
                              C:/Users/JOHO/tools/xpack-arm-none-eabi-gcc-13.3.1-1.1/bin/../lib/gcc/arm-none-eabi/13.3.1/../../../../arm-none-eabi/lib/thumb/v7-m/nofp\libc_nano.a(libc_a-exit.o) (__stdio_exit_handler)
C:/Users/JOHO/tools/xpack-arm-none-eabi-gcc-13.3.1-1.1/bin/../lib/gcc/arm-none-eabi/13.3.1/../../../../arm-none-eabi/lib/thumb/v7-m/nofp\libc_nano.a(libc_a-fwalk.o)
                              C:/Users/JOHO/tools/xpack-arm-none-eabi-gcc-13.3.1-1.1/bin/../lib/gcc/arm-none-eabi/13.3.1/../../../../arm-none-eabi/lib/thumb/v7-m/nofp\libc_nano.a(libc_a-findfp.o) (_fwalk_sglue)
C:/Users/JOHO/tools/xpack-arm-none-eabi-gcc-13.3.1-1.1/bin/../lib/gcc/arm-none-eabi/13.3.1/../../../../arm-none-eabi/lib/thumb/v7-m/nofp\libc_nano.a(libc_a-stdio.o)
                              C:/Users/JOHO/tools/xpack-arm-none-eabi-gcc-13.3.1-1.1/bin/../lib/gcc/arm-none-eabi/13.3.1/../../../../arm-none-eabi/lib/thumb/v7-m/nofp\libc_nano.a(libc_a-findfp.o) (__sread)
C:/Users/JOHO/tools/xpack-arm-none-eabi-gcc-13.3.1-1.1/bin/../lib/gcc/arm-none-eabi/13.3.1/../../../../arm-none-eabi/lib/thumb/v7-m/nofp\libc_nano.a(libc_a-memset.o)
                              C:/Users/JOHO/tools/xpack-arm-none-eabi-gcc-13.3.1-1.1/bin/../lib/gcc/arm-none-eabi/13.3.1/../../../../arm-none-eabi/lib/thumb/v7-m/nofp/crt0.o (memset)
C:/Users/JOHO/tools/xpack-arm-none-eabi-gcc-13.3.1-1.1/bin/../lib/gcc/arm-none-eabi/13.3.1/../../../../arm-none-eabi/lib/thumb/v7-m/nofp\libc_nano.a(libc_a-closer.o)
                              C:/Users/JOHO/tools/xpack-arm-none-eabi-gcc-13.3.1-1.1/bin/../lib/gcc/arm-none-eabi/13.3.1/../../../../arm-none-eabi/lib/thumb/v7-m/nofp\libc_nano.a(libc_a-stdio.o) (_close_r)
C:/Users/JOHO/tools/xpack-arm-none-eabi-gcc-13.3.1-1.1/bin/../lib/gcc/arm-none-eabi/13.3.1/../../../../arm-none-eabi/lib/thumb/v7-m/nofp\libc_nano.a(libc_a-reent.o)
                              C:/Users/JOHO/tools/xpack-arm-none-eabi-gcc-13.3.1-1.1/bin/../lib/gcc/arm-none-eabi/13.3.1/../../../../arm-none-eabi/lib/thumb/v7-m/nofp\libc_nano.a(libc_a-closer.o) (errno)
C:/Users/JOHO/tools/xpack-arm-none-eabi-gcc-13.3.1-1.1/bin/../lib/gcc/arm-none-eabi/13.3.1/../../../../arm-none-eabi/lib/thumb/v7-m/nofp\libc_nano.a(libc_a-impure.o)
                              C:/Users/JOHO/tools/xpack-arm-none-eabi-gcc-13.3.1-1.1/bin/../lib/gcc/arm-none-eabi/13.3.1/../../../../arm-none-eabi/lib/thumb/v7-m/nofp\libc_nano.a(libc_a-reent.o) (_impure_ptr)
C:/Users/JOHO/tools/xpack-arm-none-eabi-gcc-13.3.1-1.1/bin/../lib/gcc/arm-none-eabi/13.3.1/../../../../arm-none-eabi/lib/thumb/v7-m/nofp\libc_nano.a(libc_a-lseekr.o)
                              C:/Users/JOHO/tools/xpack-arm-none-eabi-gcc-13.3.1-1.1/bin/../lib/gcc/arm-none-eabi/13.3.1/../../../../arm-none-eabi/lib/thumb/v7-m/nofp\libc_nano.a(libc_a-stdio.o) (_lseek_r)
C:/Users/JOHO/tools/xpack-arm-none-eabi-gcc-13.3.1-1.1/bin/../lib/gcc/arm-none-eabi/13.3.1/../../../../arm-none-eabi/lib/thumb/v7-m/nofp\libc_nano.a(libc_a-readr.o)
                              C:/Users/JOHO/tools/xpack-arm-none-eabi-gcc-13.3.1-1.1/bin/../lib/gcc/arm-none-eabi/13.3.1/../../../../arm-none-eabi/lib/thumb/v7-m/nofp\libc_nano.a(libc_a-stdio.o) (_read_r)
C:/Users/JOHO/tools/xpack-arm-none-eabi-gcc-13.3.1-1.1/bin/../lib/gcc/arm-none-eabi/13.3.1/../../../../arm-none-eabi/lib/thumb/v7-m/nofp\libc_nano.a(libc_a-writer.o)
                              C:/Users/JOHO/tools/xpack-arm-none-eabi-gcc-13.3.1-1.1/bin/../lib/gcc/arm-none-eabi/13.3.1/../../../../arm-none-eabi/lib/thumb/v7-m/nofp\libc_nano.a(libc_a-stdio.o) (_write_r)
C:/Users/JOHO/tools/xpack-arm-none-eabi-gcc-13.3.1-1.1/bin/../lib/gcc/arm-none-eabi/13.3.1/../../../../arm-none-eabi/lib/thumb/v7-m/nofp\libc_nano.a(libc_a-errno.o)
                              Core/Src/syscalls.o (__errno)
C:/Users/JOHO/tools/xpack-arm-none-eabi-gcc-13.3.1-1.1/bin/../lib/gcc/arm-none-eabi/13.3.1/../../../../arm-none-eabi/lib/thumb/v7-m/nofp\libc_nano.a(libc_a-init.o)
[...]
Memory Configuration

Name             Origin             Length             Attributes
FLASH            0x08000000         0x00010000         xr
RAM              0x20000000         0x00005000         xrw
*default*        0x00000000         0xffffffff

Linker script and memory map

LOAD C:/Users/JOHO/tools/xpack-arm-none-eabi-gcc-13.3.1-1.1/bin/../lib/gcc/arm-none-eabi/13.3.1/thumb/v7-m/nofp/crti.o
LOAD C:/Users/JOHO/tools/xpack-arm-none-eabi-gcc-13.3.1-1.1/bin/../lib/gcc/arm-none-eabi/13.3.1/thumb/v7-m/nofp/crtbegin.o
LOAD C:/Users/JOHO/tools/xpack-arm-none-eabi-gcc-13.3.1-1.1/bin/../lib/gcc/arm-none-eabi/13.3.1/../../../../arm-none-eabi/lib/thumb/v7-m/nofp/crt0.o
LOAD Core/Src/main.o
LOAD Core/Src/gpio.o
LOAD Core/Src/stm32f1xx_it.o
LOAD Core/Src/system_stm32f1xx.o
LOAD Core/Src/syscalls.o
LOAD Core/Src/stm32f1xx_hal_msp.o
LOAD Drivers/STM32F1xx_HAL_Driver/Src/stm32f1xx_hal.o
LOAD Drivers/STM32F1xx_HAL_Driver/Src/stm32f1xx_hal_gpio.o
LOAD Drivers/STM32F1xx_HAL_Driver/Src/stm32f1xx_hal_rcc.o
LOAD Drivers/STM32F1xx_HAL_Driver/Src/stm32f1xx_hal_rcc_ex.o
LOAD Drivers/STM32F1xx_HAL_Driver/Src/stm32f1xx_hal_cortex.o
LOAD Drivers/STM32F1xx_HAL_Driver/Src/stm32f1xx_hal_dma.o
LOAD Drivers/STM32F1xx_HAL_Driver/Src/stm32f1xx_hal_flash.o
LOAD Drivers/STM32F1xx_HAL_Driver/Src/stm32f1xx_hal_flash_ex.o
LOAD Drivers/STM32F1xx_HAL_Driver/Src/stm32f1xx_hal_pwr.o
LOAD Drivers/STM32F1xx_HAL_Driver/Src/stm32f1xx_hal_exti.o
LOAD Drivers/STM32F1xx_HAL_Driver/Src/stm32f1xx_hal_uart.o
LOAD Drivers/STM32F1xx_HAL_Driver/Src/stm32f1xx_hal_usart.o
LOAD Drivers/STM32F1xx_HAL_Driver/Src/stm32f1xx_hal_tim.o
LOAD Drivers/STM32F1xx_HAL_Driver/Src/stm32f1xx_hal_tim_ex.o
LOAD Drivers/STM32F1xx_HAL_Driver/Src/stm32f1xx_hal_adc.o
LOAD Drivers/STM32F1xx_HAL_Driver/Src/stm32f1xx_hal_adc_ex.o
LOAD Drivers/STM32F1xx_HAL_Driver/Src/stm32f1xx_hal_i2c.o
LOAD Drivers/STM32F1xx_HAL_Driver/Src/stm32f1xx_hal_spi.o
LOAD startup_stm32f103xb.o
START GROUP
LOAD C:/Users/JOHO/tools/xpack-arm-none-eabi-gcc-13.3.1-1.1/bin/../lib/gcc/arm-none-eabi/13.3.1/thumb/v7-m/nofp\libgcc.a
LOAD C:/Users/JOHO/tools/xpack-arm-none-eabi-gcc-13.3.1-1.1/bin/../lib/gcc/arm-none-eabi/13.3.1/../../../../arm-none-eabi/lib/thumb/v7-m/nofp\libc_nano.a
END GROUP
START GROUP
LOAD C:/Users/JOHO/tools/xpack-arm-none-eabi-gcc-13.3.1-1.1/bin/../lib/gcc/arm-none-eabi/13.3.1/thumb/v7-m/nofp\libgcc.a
LOAD C:/Users/JOHO/tools/xpack-arm-none-eabi-gcc-13.3.1-1.1/bin/../lib/gcc/arm-none-eabi/13.3.1/../../../../arm-none-eabi/lib/thumb/v7-m/nofp\libc_nano.a
LOAD C:/Users/JOHO/tools/xpack-arm-none-eabi-gcc-13.3.1-1.1/bin/../lib/gcc/arm-none-eabi/13.3.1/../../../../arm-none-eabi/lib/thumb/v7-m/nofp\libnosys.a
END GROUP
START GROUP
LOAD C:/Users/JOHO/tools/xpack-arm-none-eabi-gcc-13.3.1-1.1/bin/../lib/gcc/arm-none-eabi/13.3.1/thumb/v7-m/nofp\libgcc.a
LOAD C:/Users/JOHO/tools/xpack-arm-none-eabi-gcc-13.3.1-1.1/bin/../lib/gcc/arm-none-eabi/13.3.1/../../../../arm-none-eabi/lib/thumb/v7-m/nofp\libc_nano.a
LOAD C:/Users/JOHO/tools/xpack-arm-none-eabi-gcc-13.3.1-1.1/bin/../lib/gcc/arm-none-eabi/13.3.1/../../../../arm-none-eabi/lib/thumb/v7-m/nofp\libnosys.a
END GROUP
LOAD C:/Users/JOHO/tools/xpack-arm-none-eabi-gcc-13.3.1-1.1/bin/../lib/gcc/arm-none-eabi/13.3.1/thumb/v7-m/nofp/crtend.o
LOAD C:/Users/JOHO/tools/xpack-arm-none-eabi-gcc-13.3.1-1.1/bin/../lib/gcc/arm-none-eabi/13.3.1/thumb/v7-m/nofp/crtn.o
                0x20005000                        _estack = (ORIGIN (RAM) + LENGTH (RAM))
                0x00000200                        _Min_Heap_Size = 0x200
                0x00000400                        _Min_Stack_Size = 0x400

.isr_vector     0x08000000      0x10c
 *(.isr_vector)
 .isr_vector    0x08000000      0x10c startup_stm32f103xb.o
                0x08000000                g_pfnVectors

.text           0x0800010c      0xa68
 *(.text)
 *(.text*)
 .text.__do_global_dtors_aux
                0x0800010c       0x24 C:/Users/JOHO/tools/xpack-arm-none-eabi-gcc-13.3.1-1.1/bin/../lib/gcc/arm-none-eabi/13.3.1/thumb/v7-m/nofp/crtbegin.o
 .text.frame_dummy
                0x08000130       0x1c C:/Users/JOHO/tools/xpack-arm-none-eabi-gcc-13.3.1-1.1/bin/../lib/gcc/arm-none-eabi/13.3.1/thumb/v7-m/nofp/crtbegin.o
 .text.startup.main
                0x0800014c       0x62 Core/Src/main.o
                0x0800014c                main
 *fill*         0x080001ae        0x2 
 .text.HAL_GPIO_EXTI_Callback
                0x080001b0       0x14 Core/Src/main.o
                0x080001b0                HAL_GPIO_EXTI_Callback
 .text.MX_GPIO_Init
                0x080001c4       0xa4 Core/Src/gpio.o
                0x080001c4                MX_GPIO_Init
 .text.NMI_Handler
                0x08000268        0x2 Core/Src/stm32f1xx_it.o
                0x08000268                NMI_Handler
 .text.HardFault_Handler
                0x0800026a        0x2 Core/Src/stm32f1xx_it.o
                0x0800026a                HardFault_Handler
 .text.MemManage_Handler
                0x0800026c        0x2 Core/Src/stm32f1xx_it.o
                0x0800026c                MemManage_Handler
 .text.BusFault_Handler
                0x0800026e        0x2 Core/Src/stm32f1xx_it.o
                0x0800026e                BusFault_Handler
 .text.UsageFault_Handler
                0x08000270        0x2 Core/Src/stm32f1xx_it.o
                0x08000270                UsageFault_Handler
 .text.SVC_Handler
                0x08000272        0x2 Core/Src/stm32f1xx_it.o
                0x08000272                SVC_Handler
 .text.DebugMon_Handler
                0x08000274        0x2 Core/Src/stm32f1xx_it.o
                0x08000274                DebugMon_Handler
 .text.PendSV_Handler
                0x08000276        0x2 Core/Src/stm32f1xx_it.o
                0x08000276                PendSV_Handler
 .text.SysTick_Handler
                0x08000278        0x4 Core/Src/stm32f1xx_it.o
                0x08000278                SysTick_Handler
 .text.EXTI0_IRQHandler
                0x0800027c        0x6 Core/Src/stm32f1xx_it.o
                0x0800027c                EXTI0_IRQHandler
 .text.SystemInit
                0x08000282        0x2 Core/Src/system_stm32f1xx.o
                0x08000282                SystemInit
 .text.HAL_MspInit
                0x08000284       0x44 Core/Src/stm32f1xx_hal_msp.o
                0x08000284                HAL_MspInit
 .text.HAL_InitTick
                0x080002c8       0x48 Drivers/STM32F1xx_HAL_Driver/Src/stm32f1xx_hal.o
                0x080002c8                HAL_InitTick
 .text.HAL_Init
                0x08000310       0x24 Drivers/STM32F1xx_HAL_Driver/Src/stm32f1xx_hal.o
                0x08000310                HAL_Init
 .text.HAL_IncTick
                0x08000334       0x18 Drivers/STM32F1xx_HAL_Driver/Src/stm32f1xx_hal.o
                0x08000334                HAL_IncTick
 .text.HAL_GetTick
                0x0800034c        0xc Drivers/STM32F1xx_HAL_Driver/Src/stm32f1xx_hal.o
                0x0800034c                HAL_GetTick
 .text.HAL_GPIO_Init
                0x08000358      0x1a8 Drivers/STM32F1xx_HAL_Driver/Src/stm32f1xx_hal_gpio.o
                0x08000358                HAL_GPIO_Init
 .text.HAL_GPIO_WritePin
                0x08000500        0xa Drivers/STM32F1xx_HAL_Driver/Src/stm32f1xx_hal_gpio.o
                0x08000500                HAL_GPIO_WritePin
 .text.HAL_GPIO_TogglePin
                0x0800050a       0x12 Drivers/STM32F1xx_HAL_Driver/Src/stm32f1xx_hal_gpio.o
                0x0800050a                HAL_GPIO_TogglePin
 .text.HAL_GPIO_EXTI_IRQHandler
                0x0800051c       0x18 Drivers/STM32F1xx_HAL_Driver/Src/stm32f1xx_hal_gpio.o
                0x0800051c                HAL_GPIO_EXTI_IRQHandler
 .text.HAL_RCC_OscConfig
                0x08000534      0x338 Drivers/STM32F1xx_HAL_Driver/Src/stm32f1xx_hal_rcc.o
                0x08000534                HAL_RCC_OscConfig
 .text.HAL_RCC_GetSysClockFreq
                0x0800086c       0x4c Drivers/STM32F1xx_HAL_Driver/Src/stm32f1xx_hal_rcc.o
                0x0800086c                HAL_RCC_GetSysClockFreq
 .text.HAL_RCC_ClockConfig
                0x080008b8      0x138 Drivers/STM32F1xx_HAL_Driver/Src/stm32f1xx_hal_rcc.o
                0x080008b8                HAL_RCC_ClockConfig
 .text.HAL_NVIC_SetPriorityGrouping
                0x080009f0       0x24 Drivers/STM32F1xx_HAL_Driver/Src/stm32f1xx_hal_cortex.o
                0x080009f0                HAL_NVIC_SetPriorityGrouping
 .text.HAL_NVIC_SetPriority
                0x08000a14       0x60 Drivers/STM32F1xx_HAL_Driver/Src/stm32f1xx_hal_cortex.o
                0x08000a14                HAL_NVIC_SetPriority
 .text.HAL_NVIC_EnableIRQ
                0x08000a74       0x1c Drivers/STM32F1xx_HAL_Driver/Src/stm32f1xx_hal_cortex.o
                0x08000a74                HAL_NVIC_EnableIRQ
 .text.HAL_SYSTICK_Config
                0x08000a90       0x28 Drivers/STM32F1xx_HAL_Driver/Src/stm32f1xx_hal_cortex.o
                0x08000a90                HAL_SYSTICK_Config
 .text.Reset_Handler
                0x08000ab8       0x48 startup_stm32f103xb.o
                0x08000ab8                Reset_Handler
 .text.Default_Handler
                0x08000b00        0x2 startup_stm32f103xb.o
                0x08000b00                RTC_Alarm_IRQHandler
                0x08000b00                EXTI2_IRQHandler
                0x08000b00                TIM1_CC_IRQHandler
                0x08000b00                PVD_IRQHandler
                0x08000b00                EXTI3_IRQHandler
                0x08000b00                I2C2_EV_IRQHandler
                0x08000b00                ADC1_2_IRQHandler
                0x08000b00                SPI1_IRQHandler
                0x08000b00                TAMPER_IRQHandler
                0x08000b00                DMA1_Channel4_IRQHandler
                0x08000b00                USART3_IRQHandler
                0x08000b00                RTC_IRQHandler
                0x08000b00                DMA1_Channel7_IRQHandler
                0x08000b00                CAN1_RX1_IRQHandler
                0x08000b00                TIM4_IRQHandler
                0x08000b00                I2C1_EV_IRQHandler
                0x08000b00                DMA1_Channel6_IRQHandler
                0x08000b00                TIM3_IRQHandler
                0x08000b00                RCC_IRQHandler
                0x08000b00                TIM1_TRG_COM_IRQHandler
                0x08000b00                DMA1_Channel1_IRQHandler
                0x08000b00                Default_Handler
                0x08000b00                EXTI15_10_IRQHandler
                0x08000b00                EXTI9_5_IRQHandler
                0x08000b00                SPI2_IRQHandler
                0x08000b00                DMA1_Channel5_IRQHandler
                0x08000b00                EXTI4_IRQHandler
                0x08000b00                USB_LP_CAN1_RX0_IRQHandler
                0x08000b00                USB_HP_CAN1_TX_IRQHandler
                0x08000b00                DMA1_Channel3_IRQHandler
                0x08000b00                TIM1_UP_IRQHandler
                0x08000b00                WWDG_IRQHandler
                0x08000b00                TIM2_IRQHandler
                0x08000b00                TIM1_BRK_IRQHandler
                0x08000b00                EXTI1_IRQHandler
                0x08000b00                USART2_IRQHandler
                0x08000b00                I2C2_ER_IRQHandler
                0x08000b00                DMA1_Channel2_IRQHandler
                0x08000b00                CAN1_SCE_IRQHandler
                0x08000b00                FLASH_IRQHandler
                0x08000b00                USART1_IRQHandler
                0x08000b00                I2C1_ER_IRQHandler
                0x08000b00                USBWakeUp_IRQHandler
 .text.memset   0x08000b02       0x10 C:/Users/JOHO/tools/xpack-arm-none-eabi-gcc-13.3.1-1.1/bin/../lib/gcc/arm-none-eabi/13.3.1/../../../../arm-none-eabi/lib/thumb/v7-m/nofp\libc_nano.a(libc_a-memset.o)
                0x08000b02                memset
 *fill*         0x08000b12        0x2 
 .text.__libc_init_array
                0x08000b14       0x48 C:/Users/JOHO/tools/xpack-arm-none-eabi-gcc-13.3.1-1.1/bin/../lib/gcc/arm-none-eabi/13.3.1/../../../../arm-none-eabi/lib/thumb/v7-m/nofp\libc_nano.a(libc_a-init.o)
                0x08000b14                __libc_init_array
 *(.glue_7)
 .glue_7        0x08000b5c        0x0 linker stubs
 *(.glue_7t)
 .glue_7t       0x08000b5c        0x0 linker stubs
 *(.eh_frame)
 .eh_frame      0x08000b5c        0x0 C:/Users/JOHO/tools/xpack-arm-none-eabi-gcc-13.3.1-1.1/bin/../lib/gcc/arm-none-eabi/13.3.1/thumb/v7-m/nofp/crtbegin.o
 *(.init)
 .init          0x08000b5c        0x4 C:/Users/JOHO/tools/xpack-arm-none-eabi-gcc-13.3.1-1.1/bin/../lib/gcc/arm-none-eabi/13.3.1/thumb/v7-m/nofp/crti.o
                0x08000b5c                _init
 .init          0x08000b60        0x8 C:/Users/JOHO/tools/xpack-arm-none-eabi-gcc-13.3.1-1.1/bin/../lib/gcc/arm-none-eabi/13.3.1/thumb/v7-m/nofp/crtn.o
 *(.fini)
 .fini          0x08000b68        0x4 C:/Users/JOHO/tools/xpack-arm-none-eabi-gcc-13.3.1-1.1/bin/../lib/gcc/arm-none-eabi/13.3.1/thumb/v7-m/nofp/crti.o
                0x08000b68                _fini
 .fini          0x08000b6c        0x8 C:/Users/JOHO/tools/xpack-arm-none-eabi-gcc-13.3.1-1.1/bin/../lib/gcc/arm-none-eabi/13.3.1/thumb/v7-m/nofp/crtn.o

.vfp11_veneer   0x08000b74        0x0
 .vfp11_veneer  0x08000b74        0x0 linker stubs

.v4_bx          0x08000b74        0x0
 .v4_bx         0x08000b74        0x0 linker stubs

.iplt           0x08000b74        0x0
 .iplt          0x08000b74        0x0 C:/Users/JOHO/tools/xpack-arm-none-eabi-gcc-13.3.1-1.1/bin/../lib/gcc/arm-none-eabi/13.3.1/thumb/v7-m/nofp/crtbegin.o

.rodata         0x08000b74       0x22
 *(.rodata)
 *(.rodata*)
 .rodata.AHBPrescTable
                0x08000b74       0x10 Core/Src/system_stm32f1xx.o
                0x08000b74                AHBPrescTable
 .rodata.aPredivFactorTable.0
                0x08000b84        0x2 Drivers/STM32F1xx_HAL_Driver/Src/stm32f1xx_hal_rcc.o
 .rodata.aPLLMULFactorTable.1
                0x08000b86       0x10 Drivers/STM32F1xx_HAL_Driver/Src/stm32f1xx_hal_rcc.o

.rel.dyn        0x08000b98        0x0
 .rel.iplt      0x08000b98        0x0 C:/Users/JOHO/tools/xpack-arm-none-eabi-gcc-13.3.1-1.1/bin/../lib/gcc/arm-none-eabi/13.3.1/thumb/v7-m/nofp/crtbegin.o

.ARM.extab
 *(.ARM.extab* .gnu.linkonce.armextab.*)

.ARM            0x08000b96      0x277
 *(.ARM*)
 .ARM.attributes
                0x08000b96       0x1d C:/Users/JOHO/tools/xpack-arm-none-eabi-gcc-13.3.1-1.1/bin/../lib/gcc/arm-none-eabi/13.3.1/thumb/v7-m/nofp/crti.o
 .ARM.attributes
                0x08000bb3       0x2d C:/Users/JOHO/tools/xpack-arm-none-eabi-gcc-13.3.1-1.1/bin/../lib/gcc/arm-none-eabi/13.3.1/thumb/v7-m/nofp/crtbegin.o
 .ARM.attributes
                0x08000be0       0x2d Core/Src/main.o
 .ARM.attributes
                0x08000c0d       0x2d Core/Src/gpio.o
 .ARM.attributes
                0x08000c3a       0x2d Core/Src/stm32f1xx_it.o
 .ARM.attributes
                0x08000c67       0x2d Core/Src/system_stm32f1xx.o
 .ARM.attributes
                0x08000c94       0x2d Core/Src/stm32f1xx_hal_msp.o
 .ARM.attributes
                0x08000cc1       0x2d Drivers/STM32F1xx_HAL_Driver/Src/stm32f1xx_hal.o
 .ARM.attributes
                0x08000cee       0x2d Drivers/STM32F1xx_HAL_Driver/Src/stm32f1xx_hal_gpio.o
 .ARM.attributes
                0x08000d1b       0x2d Drivers/STM32F1xx_HAL_Driver/Src/stm32f1xx_hal_rcc.o
 .ARM.attributes
                0x08000d48       0x2d Drivers/STM32F1xx_HAL_Driver/Src/stm32f1xx_hal_cortex.o
 .ARM.attributes
                0x08000d75       0x21 startup_stm32f103xb.o
 .ARM.attributes
                0x08000d96       0x2d C:/Users/JOHO/tools/xpack-arm-none-eabi-gcc-13.3.1-1.1/bin/../lib/gcc/arm-none-eabi/13.3.1/../../../../arm-none-eabi/lib/thumb/v7-m/nofp\libc_nano.a(libc_a-memset.o)
 .ARM.attributes
                0x08000dc3       0x2d C:/Users/JOHO/tools/xpack-arm-none-eabi-gcc-13.3.1-1.1/bin/../lib/gcc/arm-none-eabi/13.3.1/../../../../arm-none-eabi/lib/thumb/v7-m/nofp\libc_nano.a(libc_a-init.o)
 .ARM.attributes
                0x08000df0       0x1d C:/Users/JOHO/tools/xpack-arm-none-eabi-gcc-13.3.1-1.1/bin/../lib/gcc/arm-none-eabi/13.3.1/thumb/v7-m/nofp/crtn.o

.preinit_array  0x08000b96        0x0
                0x08000b96                        PROVIDE (__preinit_array_start = .)
 *(.preinit_array*)
                0x08000b96                        PROVIDE (__preinit_array_end = .)

.init_array     0x08000b98        0x4
                0x08000b98                        PROVIDE (__init_array_start = .)
 *(SORT_BY_NAME(.init_array.*))
 *(.init_array*)
 .init_array    0x08000b98        0x4 C:/Users/JOHO/tools/xpack-arm-none-eabi-gcc-13.3.1-1.1/bin/../lib/gcc/arm-none-eabi/13.3.1/thumb/v7-m/nofp/crtbegin.o
                0x08000b9c                        PROVIDE (__init_array_end = .)

.fini_array     0x08000b9c        0x4
                0x08000b9c                        PROVIDE (__fini_array_start = .)
 *(SORT_BY_NAME(.fini_array.*))
 *(.fini_array*)
 .fini_array    0x08000b9c        0x4 C:/Users/JOHO/tools/xpack-arm-none-eabi-gcc-13.3.1-1.1/bin/../lib/gcc/arm-none-eabi/13.3.1/thumb/v7-m/nofp/crtbegin.o
                0x08000ba0                        PROVIDE (__fini_array_end = .)
                0x08000ba0                        _sidata = LOADADDR (.data)

.data           0x20000000        0xc load address 0x08000ba0
                0x20000000                        _sdata = .
 *(.data)
 *(.data*)
 .data.SystemCoreClock
                0x20000000        0x4 Core/Src/system_stm32f1xx.o
                0x20000000                SystemCoreClock
 .data.uwTickFreq
                0x20000004        0x1 Drivers/STM32F1xx_HAL_Driver/Src/stm32f1xx_hal.o
                0x20000004                uwTickFreq
 *fill*         0x20000005        0x3 
 .data.uwTickPrio
                0x20000008        0x4 Drivers/STM32F1xx_HAL_Driver/Src/stm32f1xx_hal.o
                0x20000008                uwTickPrio
                0x2000000c                        . = ALIGN (0x4)
                0x2000000c                        _edata = .

.igot.plt       0x2000000c        0x0 load address 0x08000bac
 .igot.plt      0x2000000c        0x0 C:/Users/JOHO/tools/xpack-arm-none-eabi-gcc-13.3.1-1.1/bin/../lib/gcc/arm-none-eabi/13.3.1/thumb/v7-m/nofp/crtbegin.o

.bss            0x2000000c       0x20 load address 0x08000bac
                0x2000000c                        _sbss = .
                0x2000000c                        __bss_start__ = _sbss
 *(.bss)
 *(.bss*)
 .bss.completed.1
                0x2000000c        0x1 C:/Users/JOHO/tools/xpack-arm-none-eabi-gcc-13.3.1-1.1/bin/../lib/gcc/arm-none-eabi/13.3.1/thumb/v7-m/nofp/crtbegin.o
 *fill*         0x2000000d        0x3 
 .bss.object.0  0x20000010       0x18 C:/Users/JOHO/tools/xpack-arm-none-eabi-gcc-13.3.1-1.1/bin/../lib/gcc/arm-none-eabi/13.3.1/thumb/v7-m/nofp/crtbegin.o
 .bss.uwTick    0x20000028        0x4 Drivers/STM32F1xx_HAL_Driver/Src/stm32f1xx_hal.o
                0x20000028                uwTick
 *(COMMON)
                0x2000002c                        . = ALIGN (0x4)
                0x2000002c                        _ebss = .
                0x2000002c                        __bss_end__ = _ebss

._user_heap_stack
                0x2000002c      0x604 load address 0x08000bac
                0x20000030                        . = ALIGN (0x8)
 *fill*         0x2000002c        0x4 
                [!provide]                        PROVIDE (end = .)
                0x20000030                        PROVIDE (_end = .)
                0x20000230                        . = (. + _Min_Heap_Size)
 *fill*         0x20000030      0x200 
                0x20000630                        . = (. + _Min_Stack_Size)
 *fill*         0x20000230      0x400 
                0x20000630                        . = ALIGN (0x8)

/DISCARD/
 libc.a(*)
 libm.a(*)
 libgcc.a(*)
OUTPUT(firmware.elf elf32-littlearm)
LOAD linker stubs
LOAD C:/Users/JOHO/tools/xpack-arm-none-eabi-gcc-13.3.1-1.1/bin/../lib/gcc/arm-none-eabi/13.3.1/../../../../arm-none-eabi/lib/thumb/v7-m/nofp\libc.a
LOAD C:/Users/JOHO/tools/xpack-arm-none-eabi-gcc-13.3.1-1.1/bin/../lib/gcc/arm-none-eabi/13.3.1/../../../../arm-none-eabi/lib/thumb/v7-m/nofp\libm.a
LOAD C:/Users/JOHO/tools/xpack-arm-none-eabi-gcc-13.3.1-1.1/bin/../lib/gcc/arm-none-eabi/13.3.1/thumb/v7-m/nofp\libgcc.a

.comment        0x00000000       0x39
 .comment       0x00000000       0x39 C:/Users/JOHO/tools/xpack-arm-none-eabi-gcc-13.3.1-1.1/bin/../lib/gcc/arm-none-eabi/13.3.1/thumb/v7-m/nofp/crtbegin.o
                                 0x3a (size before relaxing)
 .comment       0x00000039       0x3a Core/Src/main.o
 .comment       0x00000039       0x3a Core/Src/gpio.o
 .comment       0x00000039       0x3a Core/Src/stm32f1xx_it.o
 .comment       0x00000039       0x3a Core/Src/system_stm32f1xx.o
 .comment       0x00000039       0x3a Core/Src/stm32f1xx_hal_msp.o
 .comment       0x00000039       0x3a Drivers/STM32F1xx_HAL_Driver/Src/stm32f1xx_hal.o
 .comment       0x00000039       0x3a Drivers/STM32F1xx_HAL_Driver/Src/stm32f1xx_hal_gpio.o
 .comment       0x00000039       0x3a Drivers/STM32F1xx_HAL_Driver/Src/stm32f1xx_hal_rcc.o
 .comment       0x00000039       0x3a Drivers/STM32F1xx_HAL_Driver/Src/stm32f1xx_hal_cortex.o
 .comment       0x00000039       0x3a C:/Users/JOHO/tools/xpack-arm-none-eabi-gcc-13.3.1-1.1/bin/../lib/gcc/arm-none-eabi/13.3.1/../../../../arm-none-eabi/lib/thumb/v7-m/nofp\libc_nano.a(libc_a-memset.o)
 .comment       0x00000039       0x3a C:/Users/JOHO/tools/xpack-arm-none-eabi-gcc-13.3.1-1.1/bin/../lib/gcc/arm-none-eabi/13.3.1/../../../../arm-none-eabi/lib/thumb/v7-m/nofp\libc_nano.a(libc_a-init.o)

.debug_info     0x00000000     0x33bf
 .debug_info    0x00000000      0x4b8 Core/Src/main.o
 .debug_info    0x000004b8      0x4d9 Core/Src/gpio.o
 .debug_info    0x00000991      0x153 Core/Src/stm32f1xx_it.o
 .debug_info    0x00000ae4      0x22d Core/Src/system_stm32f1xx.o
 .debug_info    0x00000d11      0x1e8 Core/Src/stm32f1xx_hal_msp.o
 .debug_info    0x00000ef9      0x7d8 Drivers/STM32F1xx_HAL_Driver/Src/stm32f1xx_hal.o
 .debug_info    0x000016d1      0x60e Drivers/STM32F1xx_HAL_Driver/Src/stm32f1xx_hal_gpio.o
 .debug_info    0x00001cdf      0x9f7 Drivers/STM32F1xx_HAL_Driver/Src/stm32f1xx_hal_rcc.o
 .debug_info    0x000026d6      0xce9 Drivers/STM32F1xx_HAL_Driver/Src/stm32f1xx_hal_cortex.o

.debug_abbrev   0x00000000     0x11ed
 .debug_abbrev  0x00000000      0x273 Core/Src/main.o
 .debug_abbrev  0x00000273      0x184 Core/Src/gpio.o
 .debug_abbrev  0x000003f7       0xf6 Core/Src/stm32f1xx_it.o
 .debug_abbrev  0x000004ed      0x143 Core/Src/system_stm32f1xx.o
 .debug_abbrev  0x00000630       0xe9 Core/Src/stm32f1xx_hal_msp.o
 .debug_abbrev  0x00000719      0x270 Drivers/STM32F1xx_HAL_Driver/Src/stm32f1xx_hal.o
 .debug_abbrev  0x00000989      0x1fe Drivers/STM32F1xx_HAL_Driver/Src/stm32f1xx_hal_gpio.o
 .debug_abbrev  0x00000b87      0x2fd Drivers/STM32F1xx_HAL_Driver/Src/stm32f1xx_hal_rcc.o
 .debug_abbrev  0x00000e84      0x369 Drivers/STM32F1xx_HAL_Driver/Src/stm32f1xx_hal_cortex.o

.debug_loclists
                0x00000000      0xc99
 .debug_loclists
                0x00000000       0x30 Core/Src/main.o
 .debug_loclists
                0x00000030       0xac Core/Src/system_stm32f1xx.o
 .debug_loclists
                0x000000dc       0x17 Core/Src/stm32f1xx_hal_msp.o
 .debug_loclists
                0x000000f3       0xd5 Drivers/STM32F1xx_HAL_Driver/Src/stm32f1xx_hal.o
 .debug_loclists
                0x000001c8      0x2e9 Drivers/STM32F1xx_HAL_Driver/Src/stm32f1xx_hal_gpio.o
 .debug_loclists
                0x000004b1      0x41d Drivers/STM32F1xx_HAL_Driver/Src/stm32f1xx_hal_rcc.o
 .debug_loclists
                0x000008ce      0x3cb Drivers/STM32F1xx_HAL_Driver/Src/stm32f1xx_hal_cortex.o

.debug_aranges  0x00000000      0x358
 .debug_aranges
                0x00000000       0x38 Core/Src/main.o
 .debug_aranges
                0x00000038       0x20 Core/Src/gpio.o
 .debug_aranges
                0x00000058       0x68 Core/Src/stm32f1xx_it.o
 .debug_aranges
                0x000000c0       0x28 Core/Src/system_stm32f1xx.o
 .debug_aranges
                0x000000e8       0x20 Core/Src/stm32f1xx_hal_msp.o
 .debug_aranges
                0x00000108       0xe0 Drivers/STM32F1xx_HAL_Driver/Src/stm32f1xx_hal.o
 .debug_aranges
                0x000001e8       0x58 Drivers/STM32F1xx_HAL_Driver/Src/stm32f1xx_hal_gpio.o
 .debug_aranges
                0x00000240       0x88 Drivers/STM32F1xx_HAL_Driver/Src/stm32f1xx_hal_rcc.o
 .debug_aranges
                0x000002c8       0x90 Drivers/STM32F1xx_HAL_Driver/Src/stm32f1xx_hal_cortex.o

.debug_rnglists
                0x00000000      0x34b
 .debug_rnglists
                0x00000000       0x25 Core/Src/main.o
 .debug_rnglists
                0x00000025       0x41 Core/Src/gpio.o
 .debug_rnglists
                0x00000066       0x49 Core/Src/stm32f1xx_it.o
 .debug_rnglists
                0x000000af       0x19 Core/Src/system_stm32f1xx.o
 .debug_rnglists
                0x000000c8       0x37 Core/Src/stm32f1xx_hal_msp.o
 .debug_rnglists
                0x000000ff       0xa3 Drivers/STM32F1xx_HAL_Driver/Src/stm32f1xx_hal.o
 .debug_rnglists
                0x000001a2       0x51 Drivers/STM32F1xx_HAL_Driver/Src/stm32f1xx_hal_gpio.o
 .debug_rnglists
                0x000001f3       0x85 Drivers/STM32F1xx_HAL_Driver/Src/stm32f1xx_hal_rcc.o
 .debug_rnglists
                0x00000278       0xd3 Drivers/STM32F1xx_HAL_Driver/Src/stm32f1xx_hal_cortex.o

.debug_line     0x00000000     0x28a2
 .debug_line    0x00000000      0x346 Core/Src/main.o
 .debug_line    0x00000346      0x217 Core/Src/gpio.o
 .debug_line    0x0000055d      0x214 Core/Src/stm32f1xx_it.o
 .debug_line    0x00000771      0x20d Core/Src/system_stm32f1xx.o
 .debug_line    0x0000097e      0x172 Core/Src/stm32f1xx_hal_msp.o
 .debug_line    0x00000af0      0x53b Drivers/STM32F1xx_HAL_Driver/Src/stm32f1xx_hal.o
 .debug_line    0x0000102b      0x56c Drivers/STM32F1xx_HAL_Driver/Src/stm32f1xx_hal_gpio.o
 .debug_line    0x00001597      0xc8d Drivers/STM32F1xx_HAL_Driver/Src/stm32f1xx_hal_rcc.o
 .debug_line    0x00002224      0x67e Drivers/STM32F1xx_HAL_Driver/Src/stm32f1xx_hal_cortex.o

.debug_str      0x00000000     0x1253
 .debug_str     0x00000000     0x1253 Core/Src/main.o
                                0x3b5 (size before relaxing)
 .debug_str     0x00001253      0x58e Core/Src/gpio.o
 .debug_str     0x00001253      0x24f Core/Src/stm32f1xx_it.o
 .debug_str     0x00001253      0x243 Core/Src/system_stm32f1xx.o
 .debug_str     0x00001253      0x20e Core/Src/stm32f1xx_hal_msp.o
 .debug_str     0x00001253      0x81d Drivers/STM32F1xx_HAL_Driver/Src/stm32f1xx_hal.o
 .debug_str     0x00001253      0x3ef Drivers/STM32F1xx_HAL_Driver/Src/stm32f1xx_hal_gpio.o
 .debug_str     0x00001253      0x61a Drivers/STM32F1xx_HAL_Driver/Src/stm32f1xx_hal_rcc.o
 .debug_str     0x00001253      0x8c2 Drivers/STM32F1xx_HAL_Driver/Src/stm32f1xx_hal_cortex.o

.debug_frame    0x00000000      0x69c
 .debug_frame   0x00000000       0x58 Core/Src/main.o
 .debug_frame   0x00000058       0x34 Core/Src/gpio.o
 .debug_frame   0x0000008c       0xb0 Core/Src/stm32f1xx_it.o
 .debug_frame   0x0000013c       0x30 Core/Src/system_stm32f1xx.o
 .debug_frame   0x0000016c       0x28 Core/Src/stm32f1xx_hal_msp.o
 .debug_frame   0x00000194      0x1d4 Drivers/STM32F1xx_HAL_Driver/Src/stm32f1xx_hal.o
 .debug_frame   0x00000368       0xd8 Drivers/STM32F1xx_HAL_Driver/Src/stm32f1xx_hal_gpio.o
 .debug_frame   0x00000440      0x13c Drivers/STM32F1xx_HAL_Driver/Src/stm32f1xx_hal_rcc.o
 .debug_frame   0x0000057c      0x120 Drivers/STM32F1xx_HAL_Driver/Src/stm32f1xx_hal_cortex.o
