Archive member included to satisfy reference by file (symbol)

C:/Users/JOHO/tools/xpack-arm-none-eabi-gcc-13.3.1-1.1/bin/../lib/gcc/arm-none-eabi/13.3.1/../../../../arm-none-eabi/lib/thumb/v7-m/nofp\libc_nano.a(libc_a-atexit.o)
                              C:/Users/JOHO/tools/xpack-arm-none-eabi-gcc-13.3.1-1.1/bin/../lib/gcc/arm-none-eabi/13.3.1/../../../../arm-none-eabi/lib/thumb/v7-m/nofp/crt0.o (atexit)
C:/Users/JOHO/tools/xpack-arm-none-eabi-gcc-13.3.1-1.1/bin/../lib/gcc/arm-none-eabi/13.3.1/../../../../arm-none-eabi/lib/thumb/v7-m/nofp\libc_nano.a(libc_a-exit.o)
                              C:/Users/JOHO/tools/xpack-arm-none-eabi-gcc-13.3.1-1.1/bin/../lib/gcc/arm-none-eabi/13.3.1/../../../../arm-none-eabi/lib/thumb/v7-m/nofp/crt0.o (exit)
C:/Users/JOHO/tools/xpack-arm-none-eabi-gcc-13.3.1-1.1/bin/../lib/gcc/arm-none-eabi/13.3.1/../../../../arm-none-eabi/lib/thumb/v7-m/nofp\libc_nano.a(libc_a-findfp.o)
                              C:/Users/JOHO/tools/xpack-arm-none-eabi-gcc-13.3.1-1.1/bin/../lib/gcc/arm-none-eabi/13.3.1/../../../../arm-none-eabi/lib/thumb/v7-m/nofp\libc_nano.a(libc_a-exit.o) (__stdio_exit_handler)
C:/Users/JOHO/tools/xpack-arm-none-eabi-gcc-13.3.1-1.1/bin/../lib/gcc/arm-none-eabi/13.3.1/../../../../arm-none-eabi/lib/thumb/v7-m/nofp\libc_nano.a(libc_a-fwalk.o)
                              C:/Users/JOHO/tools/xpack-arm-none-eabi-gcc-13.3.1-1.1/bin/../lib/gcc/arm-none-eabi/13.3.1/../../../../arm-none-eabi/lib/thumb/v7-m/nofp\libc_nano.a(libc_a-findfp.o) (_fwalk_sglue)
C:/Users/JOHO/tools/xpack-arm-none-eabi-gcc-13.3.1-1.1/bin/../lib/gcc/arm-none-eabi/13.3.1/../../../../arm-none-eabi/lib/thumb/v7-m/nofp\libc_nano.a(libc_a-snprintf.o)
                              Core/Src/main.o (snprintf)
C:/Users/JOHO/tools/xpack-arm-none-eabi-gcc-13.3.1-1.1/bin/../lib/gcc/arm-none-eabi/13.3.1/../../../../arm-none-eabi/lib/thumb/v7-m/nofp\libc_nano.a(libc_a-stdio.o)
                              C:/Users/JOHO/tools/xpack-arm-none-eabi-gcc-13.3.1-1.1/bin/../lib/gcc/arm-none-eabi/13.3.1/../../../../arm-none-eabi/lib/thumb/v7-m/nofp\libc_nano.a(libc_a-findfp.o) (__sread)
C:/Users/JOHO/tools/xpack-arm-none-eabi-gcc-13.3.1-1.1/bin/../lib/gcc/arm-none-eabi/13.3.1/../../../../arm-none-eabi/lib/thumb/v7-m/nofp\libc_nano.a(libc_a-memset.o)
                              C:/Users/JOHO/tools/xpack-arm-none-eabi-gcc-13.3.1-1.1/bin/../lib/gcc/arm-none-eabi/13.3.1/../../../../arm-none-eabi/lib/thumb/v7-m/nofp/crt0.o (memset)
C:/Users/JOHO/tools/xpack-arm-none-eabi-gcc-13.3.1-1.1/bin/../lib/gcc/arm-none-eabi/13.3.1/../../../../arm-none-eabi/lib/thumb/v7-m/nofp\libc_nano.a(libc_a-closer.o)
                              C:/Users/JOHO/tools/xpack-arm-none-eabi-gcc-13.3.1-1.1/bin/../lib/gcc/arm-none-eabi/13.3.1/../../../../arm-none-eabi/lib/thumb/v7-m/nofp\libc_nano.a(libc_a-stdio.o) (_close_r)
C:/Users/JOHO/tools/xpack-arm-none-eabi-gcc-13.3.1-1.1/bin/../lib/gcc/arm-none-eabi/13.3.1/../../../../arm-none-eabi/lib/thumb/v7-m/nofp\libc_nano.a(libc_a-reent.o)
                              C:/Users/JOHO/tools/xpack-arm-none-eabi-gcc-13.3.1-1.1/bin/../lib/gcc/arm-none-eabi/13.3.1/../../../../arm-none-eabi/lib/thumb/v7-m/nofp\libc_nano.a(libc_a-closer.o) (errno)
C:/Users/JOHO/tools/xpack-arm-none-eabi-gcc-13.3.1-1.1/bin/../lib/gcc/arm-none-eabi/13.3.1/../../../../arm-none-eabi/lib/thumb/v7-m/nofp\libc_nano.a(libc_a-impure.o)
                              C:/Users/JOHO/tools/xpack-arm-none-eabi-gcc-13.3.1-1.1/bin/../lib/gcc/arm-none-eabi/13.3.1/../../../../arm-none-eabi/lib/thumb/v7-m/nofp\libc_nano.a(libc_a-snprintf.o) (_impure_ptr)
C:/Users/JOHO/tools/xpack-arm-none-eabi-gcc-13.3.1-1.1/bin/../lib/gcc/arm-none-eabi/13.3.1/../../../../arm-none-eabi/lib/thumb/v7-m/nofp\libc_nano.a(libc_a-lseekr.o)
                              C:/Users/JOHO/tools/xpack-arm-none-eabi-gcc-13.3.1-1.1/bin/../lib/gcc/arm-none-eabi/13.3.1/../../../../arm-none-eabi/lib/thumb/v7-m/nofp\libc_nano.a(libc_a-stdio.o) (_lseek_r)
C:/Users/JOHO/tools/xpack-arm-none-eabi-gcc-13.3.1-1.1/bin/../lib/gcc/arm-none-eabi/13.3.1/../../../../arm-none-eabi/lib/thumb/v7-m/nofp\libc_nano.a(libc_a-readr.o)
                              C:/Users/JOHO/tools/xpack-arm-none-eabi-gcc-13.3.1-1.1/bin/../lib/gcc/arm-none-eabi/13.3.1/../../../../arm-none-eabi/lib/thumb/v7-m/nofp\libc_nano.a(libc_a-stdio.o) (_read_r)
C:/Users/JOHO/tools/xpack-arm-none-eabi-gcc-13.3.1-1.1/bin/../lib/gcc/arm-none-eabi/13.3.1/../../../../arm-none-eabi/lib/thumb/v7-m/nofp\libc_nano.a(libc_a-writer.o)
                              C:/Users/JOHO/tools/xpack-arm-none-eabi-gcc-13.3.1-1.1/bin/../lib/gcc/arm-none-eabi/13.3.1/../../../../arm-none-eabi/lib/thumb/v7-m/nofp\libc_nano.a(libc_a-stdio.o) (_write_r)
C:/Users/JOHO/tools/xpack-arm-none-eabi-gcc-13.3.1-1.1/bin/../lib/gcc/arm-none-eabi/13.3.1/../../../../arm-none-eabi/lib/thumb/v7-m/nofp\libc_nano.a(libc_a-errno.o)
                              Core/Src/syscalls.o (__errno)
[...]
Memory Configuration

Name             Origin             Length             Attributes
FLASH            0x08000000         0x00010000         xr
RAM              0x20000000         0x00005000         xrw
*default*        0x00000000         0xffffffff

Linker script and memory map

LOAD C:/Users/JOHO/tools/xpack-arm-none-eabi-gcc-13.3.1-1.1/bin/../lib/gcc/arm-none-eabi/13.3.1/thumb/v7-m/nofp/crti.o
LOAD C:/Users/JOHO/tools/xpack-arm-none-eabi-gcc-13.3.1-1.1/bin/../lib/gcc/arm-none-eabi/13.3.1/thumb/v7-m/nofp/crtbegin.o
LOAD C:/Users/JOHO/tools/xpack-arm-none-eabi-gcc-13.3.1-1.1/bin/../lib/gcc/arm-none-eabi/13.3.1/../../../../arm-none-eabi/lib/thumb/v7-m/nofp/crt0.o
LOAD Core/Src/main.o
LOAD Core/Src/gpio.o
LOAD Core/Src/adc.o
LOAD Core/Src/usart.o
LOAD Core/Src/stm32f1xx_it.o
LOAD Core/Src/system_stm32f1xx.o
LOAD Core/Src/syscalls.o
LOAD Core/Src/stm32f1xx_hal_msp.o
LOAD Drivers/STM32F1xx_HAL_Driver/Src/stm32f1xx_hal.o
LOAD Drivers/STM32F1xx_HAL_Driver/Src/stm32f1xx_hal_gpio.o
LOAD Drivers/STM32F1xx_HAL_Driver/Src/stm32f1xx_hal_rcc.o
LOAD Drivers/STM32F1xx_HAL_Driver/Src/stm32f1xx_hal_rcc_ex.o
LOAD Drivers/STM32F1xx_HAL_Driver/Src/stm32f1xx_hal_cortex.o
LOAD Drivers/STM32F1xx_HAL_Driver/Src/stm32f1xx_hal_dma.o
LOAD Drivers/STM32F1xx_HAL_Driver/Src/stm32f1xx_hal_flash.o
LOAD Drivers/STM32F1xx_HAL_Driver/Src/stm32f1xx_hal_flash_ex.o
LOAD Drivers/STM32F1xx_HAL_Driver/Src/stm32f1xx_hal_pwr.o
LOAD Drivers/STM32F1xx_HAL_Driver/Src/stm32f1xx_hal_exti.o
LOAD Drivers/STM32F1xx_HAL_Driver/Src/stm32f1xx_hal_uart.o
LOAD Drivers/STM32F1xx_HAL_Driver/Src/stm32f1xx_hal_usart.o
LOAD Drivers/STM32F1xx_HAL_Driver/Src/stm32f1xx_hal_tim.o
LOAD Drivers/STM32F1xx_HAL_Driver/Src/stm32f1xx_hal_tim_ex.o
LOAD Drivers/STM32F1xx_HAL_Driver/Src/stm32f1xx_hal_adc.o
LOAD Drivers/STM32F1xx_HAL_Driver/Src/stm32f1xx_hal_adc_ex.o
LOAD Drivers/STM32F1xx_HAL_Driver/Src/stm32f1xx_hal_i2c.o
LOAD Drivers/STM32F1xx_HAL_Driver/Src/stm32f1xx_hal_spi.o
LOAD startup_stm32f103xb.o
START GROUP
LOAD C:/Users/JOHO/tools/xpack-arm-none-eabi-gcc-13.3.1-1.1/bin/../lib/gcc/arm-none-eabi/13.3.1/thumb/v7-m/nofp\libgcc.a
LOAD C:/Users/JOHO/tools/xpack-arm-none-eabi-gcc-13.3.1-1.1/bin/../lib/gcc/arm-none-eabi/13.3.1/../../../../arm-none-eabi/lib/thumb/v7-m/nofp\libc_nano.a
END GROUP
START GROUP
LOAD C:/Users/JOHO/tools/xpack-arm-none-eabi-gcc-13.3.1-1.1/bin/../lib/gcc/arm-none-eabi/13.3.1/thumb/v7-m/nofp\libgcc.a
LOAD C:/Users/JOHO/tools/xpack-arm-none-eabi-gcc-13.3.1-1.1/bin/../lib/gcc/arm-none-eabi/13.3.1/../../../../arm-none-eabi/lib/thumb/v7-m/nofp\libc_nano.a
LOAD C:/Users/JOHO/tools/xpack-arm-none-eabi-gcc-13.3.1-1.1/bin/../lib/gcc/arm-none-eabi/13.3.1/../../../../arm-none-eabi/lib/thumb/v7-m/nofp\libnosys.a
END GROUP
START GROUP
LOAD C:/Users/JOHO/tools/xpack-arm-none-eabi-gcc-13.3.1-1.1/bin/../lib/gcc/arm-none-eabi/13.3.1/thumb/v7-m/nofp\libgcc.a
LOAD C:/Users/JOHO/tools/xpack-arm-none-eabi-gcc-13.3.1-1.1/bin/../lib/gcc/arm-none-eabi/13.3.1/../../../../arm-none-eabi/lib/thumb/v7-m/nofp\libc_nano.a
LOAD C:/Users/JOHO/tools/xpack-arm-none-eabi-gcc-13.3.1-1.1/bin/../lib/gcc/arm-none-eabi/13.3.1/../../../../arm-none-eabi/lib/thumb/v7-m/nofp\libnosys.a
END GROUP
LOAD C:/Users/JOHO/tools/xpack-arm-none-eabi-gcc-13.3.1-1.1/bin/../lib/gcc/arm-none-eabi/13.3.1/thumb/v7-m/nofp/crtend.o
LOAD C:/Users/JOHO/tools/xpack-arm-none-eabi-gcc-13.3.1-1.1/bin/../lib/gcc/arm-none-eabi/13.3.1/thumb/v7-m/nofp/crtn.o
                0x20005000                        _estack = (ORIGIN (RAM) + LENGTH (RAM))
                0x00000200                        _Min_Heap_Size = 0x200
                0x00000400                        _Min_Stack_Size = 0x400

.isr_vector     0x08000000      0x10c
 *(.isr_vector)
 .isr_vector    0x08000000      0x10c startup_stm32f103xb.o
                0x08000000                g_pfnVectors

.text           0x0800010c     0x1d58
 *(.text)
 *(.text*)
 .text.__do_global_dtors_aux
                0x0800010c       0x24 C:/Users/JOHO/tools/xpack-arm-none-eabi-gcc-13.3.1-1.1/bin/../lib/gcc/arm-none-eabi/13.3.1/thumb/v7-m/nofp/crtbegin.o
 .text.frame_dummy
                0x08000130       0x1c C:/Users/JOHO/tools/xpack-arm-none-eabi-gcc-13.3.1-1.1/bin/../lib/gcc/arm-none-eabi/13.3.1/thumb/v7-m/nofp/crtbegin.o
 .text.startup.main
                0x0800014c       0xb8 Core/Src/main.o
                0x0800014c                main
 .text.Error_Handler
                0x08000204        0x4 Core/Src/main.o
                0x08000204                Error_Handler
 .text.MX_GPIO_Init
                0x08000208       0x68 Core/Src/gpio.o
                0x08000208                MX_GPIO_Init
 .text.MX_ADC1_Init
                0x08000270       0x50 Core/Src/adc.o
                0x08000270                MX_ADC1_Init
 .text.HAL_ADC_MspInit
                0x080002c0       0x58 Core/Src/adc.o
                0x080002c0                HAL_ADC_MspInit
 .text.MX_USART1_UART_Init
                0x08000318       0x38 Core/Src/usart.o
                0x08000318                MX_USART1_UART_Init
 .text.HAL_UART_MspInit
                0x08000350       0x6c Core/Src/usart.o
                0x08000350                HAL_UART_MspInit
 .text.NMI_Handler
                0x080003bc        0x2 Core/Src/stm32f1xx_it.o
                0x080003bc                NMI_Handler
 .text.HardFault_Handler
                0x080003be        0x2 Core/Src/stm32f1xx_it.o
                0x080003be                HardFault_Handler
 .text.MemManage_Handler
                0x080003c0        0x2 Core/Src/stm32f1xx_it.o
                0x080003c0                MemManage_Handler
 .text.BusFault_Handler
                0x080003c2        0x2 Core/Src/stm32f1xx_it.o
                0x080003c2                BusFault_Handler
 .text.UsageFault_Handler
                0x080003c4        0x2 Core/Src/stm32f1xx_it.o
                0x080003c4                UsageFault_Handler
 .text.SVC_Handler
                0x080003c6        0x2 Core/Src/stm32f1xx_it.o
                0x080003c6                SVC_Handler
 .text.DebugMon_Handler
                0x080003c8        0x2 Core/Src/stm32f1xx_it.o
                0x080003c8                DebugMon_Handler
 .text.PendSV_Handler
                0x080003ca        0x2 Core/Src/stm32f1xx_it.o
                0x080003ca                PendSV_Handler
 .text.SysTick_Handler
                0x080003cc        0x4 Core/Src/stm32f1xx_it.o
                0x080003cc                SysTick_Handler
 .text.SystemInit
                0x080003d0        0x2 Core/Src/system_stm32f1xx.o
                0x080003d0                SystemInit
 *fill*         0x080003d2        0x2 
 .text._sbrk    0x080003d4       0x1c Core/Src/syscalls.o
                0x080003d4                _sbrk
 .text.HAL_MspInit
                0x080003f0       0x44 Core/Src/stm32f1xx_hal_msp.o
                0x080003f0                HAL_MspInit
 .text.HAL_InitTick
                0x08000434       0x48 Drivers/STM32F1xx_HAL_Driver/Src/stm32f1xx_hal.o
                0x08000434                HAL_InitTick
 .text.HAL_Init
                0x0800047c       0x24 Drivers/STM32F1xx_HAL_Driver/Src/stm32f1xx_hal.o
                0x0800047c                HAL_Init
 .text.HAL_IncTick
                0x080004a0       0x18 Drivers/STM32F1xx_HAL_Driver/Src/stm32f1xx_hal.o
                0x080004a0                HAL_IncTick
 .text.HAL_GetTick
                0x080004b8        0xc Drivers/STM32F1xx_HAL_Driver/Src/stm32f1xx_hal.o
                0x080004b8                HAL_GetTick
 .text.HAL_Delay
                0x080004c4       0x24 Drivers/STM32F1xx_HAL_Driver/Src/stm32f1xx_hal.o
                0x080004c4                HAL_Delay
 .text.HAL_GPIO_Init
                0x080004e8      0x1a8 Drivers/STM32F1xx_HAL_Driver/Src/stm32f1xx_hal_gpio.o
                0x080004e8                HAL_GPIO_Init
 .text.HAL_GPIO_WritePin
                0x08000690        0xa Drivers/STM32F1xx_HAL_Driver/Src/stm32f1xx_hal_gpio.o
                0x08000690                HAL_GPIO_WritePin
 *fill*         0x0800069a        0x2 
 .text.HAL_RCC_OscConfig
                0x0800069c      0x338 Drivers/STM32F1xx_HAL_Driver/Src/stm32f1xx_hal_rcc.o
                0x0800069c                HAL_RCC_OscConfig
 .text.HAL_RCC_GetSysClockFreq
                0x080009d4       0x4c Drivers/STM32F1xx_HAL_Driver/Src/stm32f1xx_hal_rcc.o
                0x080009d4                HAL_RCC_GetSysClockFreq
 .text.HAL_RCC_ClockConfig
                0x08000a20      0x138 Drivers/STM32F1xx_HAL_Driver/Src/stm32f1xx_hal_rcc.o
                0x08000a20                HAL_RCC_ClockConfig
 .text.HAL_RCC_GetPCLK1Freq
                0x08000b58       0x20 Drivers/STM32F1xx_HAL_Driver/Src/stm32f1xx_hal_rcc.o
                0x08000b58                HAL_RCC_GetPCLK1Freq
 .text.HAL_RCC_GetPCLK2Freq
                0x08000b78       0x20 Drivers/STM32F1xx_HAL_Driver/Src/stm32f1xx_hal_rcc.o
                0x08000b78                HAL_RCC_GetPCLK2Freq
 .text.HAL_RCCEx_GetPeriphCLKFreq
                0x08000b98       0xbc Drivers/STM32F1xx_HAL_Driver/Src/stm32f1xx_hal_rcc_ex.o
                0x08000b98                HAL_RCCEx_GetPeriphCLKFreq
 .text.HAL_NVIC_SetPriorityGrouping
                0x08000c54       0x24 Drivers/STM32F1xx_HAL_Driver/Src/stm32f1xx_hal_cortex.o
                0x08000c54                HAL_NVIC_SetPriorityGrouping
 .text.HAL_NVIC_SetPriority
                0x08000c78       0x60 Drivers/STM32F1xx_HAL_Driver/Src/stm32f1xx_hal_cortex.o
                0x08000c78                HAL_NVIC_SetPriority
 .text.HAL_SYSTICK_Config
                0x08000cd8       0x28 Drivers/STM32F1xx_HAL_Driver/Src/stm32f1xx_hal_cortex.o
                0x08000cd8                HAL_SYSTICK_Config
 .text.UART_SetConfig
                0x08000d00       0x74 Drivers/STM32F1xx_HAL_Driver/Src/stm32f1xx_hal_uart.o
 .text.UART_WaitOnFlagUntilTimeout.constprop.0
                0x08000d74       0x6c Drivers/STM32F1xx_HAL_Driver/Src/stm32f1xx_hal_uart.o
 .text.HAL_UART_Init
                0x08000de0       0x5e Drivers/STM32F1xx_HAL_Driver/Src/stm32f1xx_hal_uart.o
                0x08000de0                HAL_UART_Init
 .text.HAL_UART_Transmit
                0x08000e3e       0x96 Drivers/STM32F1xx_HAL_Driver/Src/stm32f1xx_hal_uart.o
                0x08000e3e                HAL_UART_Transmit
 .text.HAL_ADC_PollForConversion
                0x08000ed4      0x148 Drivers/STM32F1xx_HAL_Driver/Src/stm32f1xx_hal_adc.o
                0x08000ed4                HAL_ADC_PollForConversion
 .text.HAL_ADC_GetValue
                0x0800101c        0x6 Drivers/STM32F1xx_HAL_Driver/Src/stm32f1xx_hal_adc.o
                0x0800101c                HAL_ADC_GetValue
 *fill*         0x08001022        0x2 
 .text.HAL_ADC_ConfigChannel
                0x08001024       0xfc Drivers/STM32F1xx_HAL_Driver/Src/stm32f1xx_hal_adc.o
                0x08001024                HAL_ADC_ConfigChannel
 .text.ADC_Enable
                0x08001120       0x78 Drivers/STM32F1xx_HAL_Driver/Src/stm32f1xx_hal_adc.o
                0x08001120                ADC_Enable
 .text.HAL_ADC_Start
                0x08001198       0xc4 Drivers/STM32F1xx_HAL_Driver/Src/stm32f1xx_hal_adc.o
                0x08001198                HAL_ADC_Start
 .text.ADC_ConversionStop_Disable
                0x0800125c       0x4c Drivers/STM32F1xx_HAL_Driver/Src/stm32f1xx_hal_adc.o
                0x0800125c                ADC_ConversionStop_Disable
 .text.HAL_ADC_Init
                0x080012a8       0xfc Drivers/STM32F1xx_HAL_Driver/Src/stm32f1xx_hal_adc.o
                0x080012a8                HAL_ADC_Init
 .text.HAL_ADCEx_Calibration_Start
                0x080013a4       0xe0 Drivers/STM32F1xx_HAL_Driver/Src/stm32f1xx_hal_adc_ex.o
                0x080013a4                HAL_ADCEx_Calibration_Start
 .text.Reset_Handler
                0x08001484       0x48 startup_stm32f103xb.o
                0x08001484                Reset_Handler
 .text.Default_Handler
                0x080014cc        0x2 startup_stm32f103xb.o
                0x080014cc                RTC_Alarm_IRQHandler
                0x080014cc                EXTI2_IRQHandler
                0x080014cc                TIM1_CC_IRQHandler
                0x080014cc                PVD_IRQHandler
                0x080014cc                EXTI3_IRQHandler
                0x080014cc                EXTI0_IRQHandler
                0x080014cc                I2C2_EV_IRQHandler
                0x080014cc                ADC1_2_IRQHandler
                0x080014cc                SPI1_IRQHandler
                0x080014cc                TAMPER_IRQHandler
                0x080014cc                DMA1_Channel4_IRQHandler
                0x080014cc                USART3_IRQHandler
                0x080014cc                RTC_IRQHandler
                0x080014cc                DMA1_Channel7_IRQHandler
                0x080014cc                CAN1_RX1_IRQHandler
                0x080014cc                TIM4_IRQHandler
                0x080014cc                I2C1_EV_IRQHandler
                0x080014cc                DMA1_Channel6_IRQHandler
                0x080014cc                TIM3_IRQHandler
                0x080014cc                RCC_IRQHandler
                0x080014cc                TIM1_TRG_COM_IRQHandler
                0x080014cc                DMA1_Channel1_IRQHandler
                0x080014cc                Default_Handler
                0x080014cc                EXTI15_10_IRQHandler
                0x080014cc                EXTI9_5_IRQHandler
                0x080014cc                SPI2_IRQHandler
                0x080014cc                DMA1_Channel5_IRQHandler
                0x080014cc                EXTI4_IRQHandler
                0x080014cc                USB_LP_CAN1_RX0_IRQHandler
                0x080014cc                USB_HP_CAN1_TX_IRQHandler
                0x080014cc                DMA1_Channel3_IRQHandler
                0x080014cc                TIM1_UP_IRQHandler
                0x080014cc                WWDG_IRQHandler
                0x080014cc                TIM2_IRQHandler
                0x080014cc                TIM1_BRK_IRQHandler
                0x080014cc                EXTI1_IRQHandler
                0x080014cc                USART2_IRQHandler
                0x080014cc                I2C2_ER_IRQHandler
                0x080014cc                DMA1_Channel2_IRQHandler
                0x080014cc                CAN1_SCE_IRQHandler
                0x080014cc                FLASH_IRQHandler
                0x080014cc                USART1_IRQHandler
                0x080014cc                I2C1_ER_IRQHandler
                0x080014cc                USBWakeUp_IRQHandler
 *fill*         0x080014ce        0x2 
 .text.snprintf
                0x080014d0       0x6c C:/Users/JOHO/tools/xpack-arm-none-eabi-gcc-13.3.1-1.1/bin/../lib/gcc/arm-none-eabi/13.3.1/../../../../arm-none-eabi/lib/thumb/v7-m/nofp\libc_nano.a(libc_a-snprintf.o)
                0x080014d0                sniprintf
                0x080014d0                snprintf
 .text.memset   0x0800153c       0x10 C:/Users/JOHO/tools/xpack-arm-none-eabi-gcc-13.3.1-1.1/bin/../lib/gcc/arm-none-eabi/13.3.1/../../../../arm-none-eabi/lib/thumb/v7-m/nofp\libc_nano.a(libc_a-memset.o)
                0x0800153c                memset
 .text.__libc_init_array
                0x0800154c       0x48 C:/Users/JOHO/tools/xpack-arm-none-eabi-gcc-13.3.1-1.1/bin/../lib/gcc/arm-none-eabi/13.3.1/../../../../arm-none-eabi/lib/thumb/v7-m/nofp\libc_nano.a(libc_a-init.o)
                0x0800154c                __libc_init_array
 .text.__retarget_lock_acquire_recursive
                0x08001594        0x2 C:/Users/JOHO/tools/xpack-arm-none-eabi-gcc-13.3.1-1.1/bin/../lib/gcc/arm-none-eabi/13.3.1/../../../../arm-none-eabi/lib/thumb/v7-m/nofp\libc_nano.a(libc_a-lock.o)
                0x08001594                __retarget_lock_acquire_recursive
 .text.__retarget_lock_release_recursive
                0x08001596        0x2 C:/Users/JOHO/tools/xpack-arm-none-eabi-gcc-13.3.1-1.1/bin/../lib/gcc/arm-none-eabi/13.3.1/../../../../arm-none-eabi/lib/thumb/v7-m/nofp\libc_nano.a(libc_a-lock.o)
                0x08001596                __retarget_lock_release_recursive
 .text._free_r  0x08001598       0x90 C:/Users/JOHO/tools/xpack-arm-none-eabi-gcc-13.3.1-1.1/bin/../lib/gcc/arm-none-eabi/13.3.1/../../../../arm-none-eabi/lib/thumb/v7-m/nofp\libc_nano.a(libc_a-freer.o)
                0x08001598                _free_r
 .text.sbrk_aligned
                0x08001628       0x44 C:/Users/JOHO/tools/xpack-arm-none-eabi-gcc-13.3.1-1.1/bin/../lib/gcc/arm-none-eabi/13.3.1/../../../../arm-none-eabi/lib/thumb/v7-m/nofp\libc_nano.a(libc_a-mallocr.o)
 .text._malloc_r
                0x0800166c      0x100 C:/Users/JOHO/tools/xpack-arm-none-eabi-gcc-13.3.1-1.1/bin/../lib/gcc/arm-none-eabi/13.3.1/../../../../arm-none-eabi/lib/thumb/v7-m/nofp\libc_nano.a(libc_a-mallocr.o)
                0x0800166c                _malloc_r
 .text.__malloc_lock
                0x0800176c        0xc C:/Users/JOHO/tools/xpack-arm-none-eabi-gcc-13.3.1-1.1/bin/../lib/gcc/arm-none-eabi/13.3.1/../../../../arm-none-eabi/lib/thumb/v7-m/nofp\libc_nano.a(libc_a-mlock.o)
                0x0800176c                __malloc_lock
 .text.__malloc_unlock
                0x08001778        0xc C:/Users/JOHO/tools/xpack-arm-none-eabi-gcc-13.3.1-1.1/bin/../lib/gcc/arm-none-eabi/13.3.1/../../../../arm-none-eabi/lib/thumb/v7-m/nofp\libc_nano.a(libc_a-mlock.o)
                0x08001778                __malloc_unlock
 .text.__ssputs_r
                0x08001784       0xb6 C:/Users/JOHO/tools/xpack-arm-none-eabi-gcc-13.3.1-1.1/bin/../lib/gcc/arm-none-eabi/13.3.1/../../../../arm-none-eabi/lib/thumb/v7-m/nofp\libc_nano.a(libc_a-nano-svfprintf.o)
                0x08001784                __ssputs_r
 *fill*         0x0800183a        0x2 
 .text._svfprintf_r
                0x0800183c      0x1f8 C:/Users/JOHO/tools/xpack-arm-none-eabi-gcc-13.3.1-1.1/bin/../lib/gcc/arm-none-eabi/13.3.1/../../../../arm-none-eabi/lib/thumb/v7-m/nofp\libc_nano.a(libc_a-nano-svfprintf.o)
                0x0800183c                _svfiprintf_r
                0x0800183c                _svfprintf_r
 .text._printf_common
                0x08001a34       0xe4 C:/Users/JOHO/tools/xpack-arm-none-eabi-gcc-13.3.1-1.1/bin/../lib/gcc/arm-none-eabi/13.3.1/../../../../arm-none-eabi/lib/thumb/v7-m/nofp\libc_nano.a(libc_a-nano-vfprintf_i.o)
                0x08001a34                _printf_common
 .text._printf_i
                0x08001b18      0x23c C:/Users/JOHO/tools/xpack-arm-none-eabi-gcc-13.3.1-1.1/bin/../lib/gcc/arm-none-eabi/13.3.1/../../../../arm-none-eabi/lib/thumb/v7-m/nofp\libc_nano.a(libc_a-nano-vfprintf_i.o)
                0x08001b18                _printf_i
 .text.memmove  0x08001d54       0x34 C:/Users/JOHO/tools/xpack-arm-none-eabi-gcc-13.3.1-1.1/bin/../lib/gcc/arm-none-eabi/13.3.1/../../../../arm-none-eabi/lib/thumb/v7-m/nofp\libc_nano.a(libc_a-memmove.o)
                0x08001d54                memmove
 .text._sbrk_r  0x08001d88       0x20 C:/Users/JOHO/tools/xpack-arm-none-eabi-gcc-13.3.1-1.1/bin/../lib/gcc/arm-none-eabi/13.3.1/../../../../arm-none-eabi/lib/thumb/v7-m/nofp\libc_nano.a(libc_a-sbrkr.o)
                0x08001d88                _sbrk_r
 .text.memchr   0x08001da8       0x1c C:/Users/JOHO/tools/xpack-arm-none-eabi-gcc-13.3.1-1.1/bin/../lib/gcc/arm-none-eabi/13.3.1/../../../../arm-none-eabi/lib/thumb/v7-m/nofp\libc_nano.a(libc_a-memchr-stub.o)
                0x08001da8                memchr
 .text.memcpy   0x08001dc4       0x1c C:/Users/JOHO/tools/xpack-arm-none-eabi-gcc-13.3.1-1.1/bin/../lib/gcc/arm-none-eabi/13.3.1/../../../../arm-none-eabi/lib/thumb/v7-m/nofp\libc_nano.a(libc_a-memcpy-stub.o)
                0x08001dc4                memcpy
 .text._realloc_r
                0x08001de0       0x5c C:/Users/JOHO/tools/xpack-arm-none-eabi-gcc-13.3.1-1.1/bin/../lib/gcc/arm-none-eabi/13.3.1/../../../../arm-none-eabi/lib/thumb/v7-m/nofp\libc_nano.a(libc_a-reallocr.o)
                0x08001de0                _realloc_r
 .text._malloc_usable_size_r
                0x08001e3c       0x10 C:/Users/JOHO/tools/xpack-arm-none-eabi-gcc-13.3.1-1.1/bin/../lib/gcc/arm-none-eabi/13.3.1/../../../../arm-none-eabi/lib/thumb/v7-m/nofp\libc_nano.a(libc_a-msizer.o)
                0x08001e3c                _malloc_usable_size_r
 *(.glue_7)
 .glue_7        0x08001e4c        0x0 linker stubs
 *(.glue_7t)
 .glue_7t       0x08001e4c        0x0 linker stubs
 *(.eh_frame)
 .eh_frame      0x08001e4c        0x0 C:/Users/JOHO/tools/xpack-arm-none-eabi-gcc-13.3.1-1.1/bin/../lib/gcc/arm-none-eabi/13.3.1/thumb/v7-m/nofp/crtbegin.o
 *(.init)
 .init          0x08001e4c        0x4 C:/Users/JOHO/tools/xpack-arm-none-eabi-gcc-13.3.1-1.1/bin/../lib/gcc/arm-none-eabi/13.3.1/thumb/v7-m/nofp/crti.o
                0x08001e4c                _init
 .init          0x08001e50        0x8 C:/Users/JOHO/tools/xpack-arm-none-eabi-gcc-13.3.1-1.1/bin/../lib/gcc/arm-none-eabi/13.3.1/thumb/v7-m/nofp/crtn.o
 *(.fini)
 .fini          0x08001e58        0x4 C:/Users/JOHO/tools/xpack-arm-none-eabi-gcc-13.3.1-1.1/bin/../lib/gcc/arm-none-eabi/13.3.1/thumb/v7-m/nofp/crti.o
                0x08001e58                _fini
 .fini          0x08001e5c        0x8 C:/Users/JOHO/tools/xpack-arm-none-eabi-gcc-13.3.1-1.1/bin/../lib/gcc/arm-none-eabi/13.3.1/thumb/v7-m/nofp/crtn.o

.vfp11_veneer   0x08001e64        0x0
 .vfp11_veneer  0x08001e64        0x0 linker stubs

.v4_bx          0x08001e64        0x0
 .v4_bx         0x08001e64        0x0 linker stubs

.iplt           0x08001e64        0x0
 .iplt          0x08001e64        0x0 C:/Users/JOHO/tools/xpack-arm-none-eabi-gcc-13.3.1-1.1/bin/../lib/gcc/arm-none-eabi/13.3.1/thumb/v7-m/nofp/crtbegin.o

.rodata         0x08001e64       0x83
 *(.rodata)
 *(.rodata*)
 .rodata.main.str1.1
                0x08001e64       0x47 Core/Src/main.o
                                 0x14 (size before relaxing)
 .rodata.APBPrescTable
                0x08001eab        0x8 Core/Src/system_stm32f1xx.o
                0x08001eab                APBPrescTable
 .rodata.AHBPrescTable
                0x08001eb3       0x10 Core/Src/system_stm32f1xx.o
                0x08001eb3                AHBPrescTable
 .rodata.aPredivFactorTable.0
                0x08001ec3        0x2 Drivers/STM32F1xx_HAL_Driver/Src/stm32f1xx_hal_rcc.o
 .rodata.aPLLMULFactorTable.1
                0x08001ec5       0x10 Drivers/STM32F1xx_HAL_Driver/Src/stm32f1xx_hal_rcc.o
 .rodata.aPredivFactorTable.0
                0x08001ed5        0x2 Drivers/STM32F1xx_HAL_Driver/Src/stm32f1xx_hal_rcc_ex.o
 .rodata.aPLLMULFactorTable.1
                0x08001ed7       0x10 Drivers/STM32F1xx_HAL_Driver/Src/stm32f1xx_hal_rcc_ex.o
 .rodata._svfprintf_r.str1.1
                0x08001ee7       0x11 C:/Users/JOHO/tools/xpack-arm-none-eabi-gcc-13.3.1-1.1/bin/../lib/gcc/arm-none-eabi/13.3.1/../../../../arm-none-eabi/lib/thumb/v7-m/nofp\libc_nano.a(libc_a-nano-svfprintf.o)
 .rodata._printf_i.str1.1
                0x08001ee7       0x22 C:/Users/JOHO/tools/xpack-arm-none-eabi-gcc-13.3.1-1.1/bin/../lib/gcc/arm-none-eabi/13.3.1/../../../../arm-none-eabi/lib/thumb/v7-m/nofp\libc_nano.a(libc_a-nano-vfprintf_i.o)

.rel.dyn        0x08001ee8        0x0
 .rel.iplt      0x08001ee8        0x0 C:/Users/JOHO/tools/xpack-arm-none-eabi-gcc-13.3.1-1.1/bin/../lib/gcc/arm-none-eabi/13.3.1/thumb/v7-m/nofp/crtbegin.o

.ARM.extab
 *(.ARM.extab* .gnu.linkonce.armextab.*)

.ARM            0x08001ee7      0x682
 *(.ARM*)
 .ARM.attributes
                0x08001ee7       0x1d C:/Users/JOHO/tools/xpack-arm-none-eabi-gcc-13.3.1-1.1/bin/../lib/gcc/arm-none-eabi/13.3.1/thumb/v7-m/nofp/crti.o
 .ARM.attributes
                0x08001f04       0x2d C:/Users/JOHO/tools/xpack-arm-none-eabi-gcc-13.3.1-1.1/bin/../lib/gcc/arm-none-eabi/13.3.1/thumb/v7-m/nofp/crtbegin.o
 .ARM.attributes
                0x08001f31       0x2d Core/Src/main.o
 .ARM.attributes
                0x08001f5e       0x2d Core/Src/gpio.o
 .ARM.attributes
                0x08001f8b       0x2d Core/Src/adc.o
 .ARM.attributes
                0x08001fb8       0x2d Core/Src/usart.o
 .ARM.attributes
                0x08001fe5       0x2d Core/Src/stm32f1xx_it.o
 .ARM.attributes
                0x08002012       0x2d Core/Src/system_stm32f1xx.o
 .ARM.attributes
                0x0800203f       0x2d Core/Src/syscalls.o
 .ARM.attributes
                0x0800206c       0x2d Core/Src/stm32f1xx_hal_msp.o
 .ARM.attributes
                0x08002099       0x2d Drivers/STM32F1xx_HAL_Driver/Src/stm32f1xx_hal.o
 .ARM.attributes
                0x080020c6       0x2d Drivers/STM32F1xx_HAL_Driver/Src/stm32f1xx_hal_gpio.o
 .ARM.attributes
                0x080020f3       0x2d Drivers/STM32F1xx_HAL_Driver/Src/stm32f1xx_hal_rcc.o
 .ARM.attributes
                0x08002120       0x2d Drivers/STM32F1xx_HAL_Driver/Src/stm32f1xx_hal_rcc_ex.o
 .ARM.attributes
                0x0800214d       0x2d Drivers/STM32F1xx_HAL_Driver/Src/stm32f1xx_hal_cortex.o
 .ARM.attributes
                0x0800217a       0x2d Drivers/STM32F1xx_HAL_Driver/Src/stm32f1xx_hal_uart.o
 .ARM.attributes
                0x080021a7       0x2d Drivers/STM32F1xx_HAL_Driver/Src/stm32f1xx_hal_adc.o
 .ARM.attributes
                0x080021d4       0x2d Drivers/STM32F1xx_HAL_Driver/Src/stm32f1xx_hal_adc_ex.o
 .ARM.attributes
                0x08002201       0x21 startup_stm32f103xb.o
 .ARM.attributes
                0x08002222       0x2d C:/Users/JOHO/tools/xpack-arm-none-eabi-gcc-13.3.1-1.1/bin/../lib/gcc/arm-none-eabi/13.3.1/../../../../arm-none-eabi/lib/thumb/v7-m/nofp\libc_nano.a(libc_a-findfp.o)
 .ARM.attributes
                0x0800224f       0x2d C:/Users/JOHO/tools/xpack-arm-none-eabi-gcc-13.3.1-1.1/bin/../lib/gcc/arm-none-eabi/13.3.1/../../../../arm-none-eabi/lib/thumb/v7-m/nofp\libc_nano.a(libc_a-snprintf.o)
 .ARM.attributes
                0x0800227c       0x2d C:/Users/JOHO/tools/xpack-arm-none-eabi-gcc-13.3.1-1.1/bin/../lib/gcc/arm-none-eabi/13.3.1/../../../../arm-none-eabi/lib/thumb/v7-m/nofp\libc_nano.a(libc_a-memset.o)
 .ARM.attributes
                0x080022a9       0x2d C:/Users/JOHO/tools/xpack-arm-none-eabi-gcc-13.3.1-1.1/bin/../lib/gcc/arm-none-eabi/13.3.1/../../../../arm-none-eabi/lib/thumb/v7-m/nofp\libc_nano.a(libc_a-reent.o)
 .ARM.attributes
                0x080022d6       0x2d C:/Users/JOHO/tools/xpack-arm-none-eabi-gcc-13.3.1-1.1/bin/../lib/gcc/arm-none-eabi/13.3.1/../../../../arm-none-eabi/lib/thumb/v7-m/nofp\libc_nano.a(libc_a-impure.o)
 .ARM.attributes
                0x08002303       0x2d C:/Users/JOHO/tools/xpack-arm-none-eabi-gcc-13.3.1-1.1/bin/../lib/gcc/arm-none-eabi/13.3.1/../../../../arm-none-eabi/lib/thumb/v7-m/nofp\libc_nano.a(libc_a-init.o)
 .ARM.attributes
                0x08002330       0x2d C:/Users/JOHO/tools/xpack-arm-none-eabi-gcc-13.3.1-1.1/bin/../lib/gcc/arm-none-eabi/13.3.1/../../../../arm-none-eabi/lib/thumb/v7-m/nofp\libc_nano.a(libc_a-lock.o)
 .ARM.attributes
                0x0800235d       0x2d C:/Users/JOHO/tools/xpack-arm-none-eabi-gcc-13.3.1-1.1/bin/../lib/gcc/arm-none-eabi/13.3.1/../../../../arm-none-eabi/lib/thumb/v7-m/nofp\libc_nano.a(libc_a-freer.o)
 .ARM.attributes
                0x0800238a       0x2d C:/Users/JOHO/tools/xpack-arm-none-eabi-gcc-13.3.1-1.1/bin/../lib/gcc/arm-none-eabi/13.3.1/../../../../arm-none-eabi/lib/thumb/v7-m/nofp\libc_nano.a(libc_a-mallocr.o)
 .ARM.attributes
                0x080023b7       0x2d C:/Users/JOHO/tools/xpack-arm-none-eabi-gcc-13.3.1-1.1/bin/../lib/gcc/arm-none-eabi/13.3.1/../../../../arm-none-eabi/lib/thumb/v7-m/nofp\libc_nano.a(libc_a-mlock.o)
 .ARM.attributes
                0x080023e4       0x2d C:/Users/JOHO/tools/xpack-arm-none-eabi-gcc-13.3.1-1.1/bin/../lib/gcc/arm-none-eabi/13.3.1/../../../../arm-none-eabi/lib/thumb/v7-m/nofp\libc_nano.a(libc_a-nano-svfprintf.o)
 .ARM.attributes
                0x08002411       0x2d C:/Users/JOHO/tools/xpack-arm-none-eabi-gcc-13.3.1-1.1/bin/../lib/gcc/arm-none-eabi/13.3.1/../../../../arm-none-eabi/lib/thumb/v7-m/nofp\libc_nano.a(libc_a-nano-vfprintf_i.o)
 .ARM.attributes
                0x0800243e       0x2d C:/Users/JOHO/tools/xpack-arm-none-eabi-gcc-13.3.1-1.1/bin/../lib/gcc/arm-none-eabi/13.3.1/../../../../arm-none-eabi/lib/thumb/v7-m/nofp\libc_nano.a(libc_a-memmove.o)
 .ARM.attributes
                0x0800246b       0x2d C:/Users/JOHO/tools/xpack-arm-none-eabi-gcc-13.3.1-1.1/bin/../lib/gcc/arm-none-eabi/13.3.1/../../../../arm-none-eabi/lib/thumb/v7-m/nofp\libc_nano.a(libc_a-sbrkr.o)
 .ARM.attributes
                0x08002498       0x2d C:/Users/JOHO/tools/xpack-arm-none-eabi-gcc-13.3.1-1.1/bin/../lib/gcc/arm-none-eabi/13.3.1/../../../../arm-none-eabi/lib/thumb/v7-m/nofp\libc_nano.a(libc_a-memchr-stub.o)
 .ARM.attributes
                0x080024c5       0x2d C:/Users/JOHO/tools/xpack-arm-none-eabi-gcc-13.3.1-1.1/bin/../lib/gcc/arm-none-eabi/13.3.1/../../../../arm-none-eabi/lib/thumb/v7-m/nofp\libc_nano.a(libc_a-memcpy-stub.o)
 .ARM.attributes
                0x080024f2       0x2d C:/Users/JOHO/tools/xpack-arm-none-eabi-gcc-13.3.1-1.1/bin/../lib/gcc/arm-none-eabi/13.3.1/../../../../arm-none-eabi/lib/thumb/v7-m/nofp\libc_nano.a(libc_a-reallocr.o)
 .ARM.attributes
                0x0800251f       0x2d C:/Users/JOHO/tools/xpack-arm-none-eabi-gcc-13.3.1-1.1/bin/../lib/gcc/arm-none-eabi/13.3.1/../../../../arm-none-eabi/lib/thumb/v7-m/nofp\libc_nano.a(libc_a-msizer.o)
 .ARM.attributes
                0x0800254c       0x1d C:/Users/JOHO/tools/xpack-arm-none-eabi-gcc-13.3.1-1.1/bin/../lib/gcc/arm-none-eabi/13.3.1/thumb/v7-m/nofp/crtn.o

.preinit_array  0x08001ee7        0x0
                0x08001ee7                        PROVIDE (__preinit_array_start = .)
 *(.preinit_array*)
                0x08001ee7                        PROVIDE (__preinit_array_end = .)

.init_array     0x08001ee8        0x4
                0x08001ee8                        PROVIDE (__init_array_start = .)
 *(SORT_BY_NAME(.init_array.*))
 *(.init_array*)
 .init_array    0x08001ee8        0x4 C:/Users/JOHO/tools/xpack-arm-none-eabi-gcc-13.3.1-1.1/bin/../lib/gcc/arm-none-eabi/13.3.1/thumb/v7-m/nofp/crtbegin.o
                0x08001eec                        PROVIDE (__init_array_end = .)

.fini_array     0x08001eec        0x4
                0x08001eec                        PROVIDE (__fini_array_start = .)
 *(SORT_BY_NAME(.fini_array.*))
 *(.fini_array*)
 .fini_array    0x08001eec        0x4 C:/Users/JOHO/tools/xpack-arm-none-eabi-gcc-13.3.1-1.1/bin/../lib/gcc/arm-none-eabi/13.3.1/thumb/v7-m/nofp/crtbegin.o
                0x08001ef0                        PROVIDE (__fini_array_end = .)
                0x08001ef0                        _sidata = LOADADDR (.data)

.data           0x20000000       0x5c load address 0x08001ef0
                0x20000000                        _sdata = .
 *(.data)
 *(.data*)
 .data.SystemCoreClock
                0x20000000        0x4 Core/Src/system_stm32f1xx.o
                0x20000000                SystemCoreClock
 .data.uwTickFreq
                0x20000004        0x1 Drivers/STM32F1xx_HAL_Driver/Src/stm32f1xx_hal.o
                0x20000004                uwTickFreq
 *fill*         0x20000005        0x3 
 .data.uwTickPrio
                0x20000008        0x4 Drivers/STM32F1xx_HAL_Driver/Src/stm32f1xx_hal.o
                0x20000008                uwTickPrio
 .data._impure_ptr
                0x2000000c        0x4 C:/Users/JOHO/tools/xpack-arm-none-eabi-gcc-13.3.1-1.1/bin/../lib/gcc/arm-none-eabi/13.3.1/../../../../arm-none-eabi/lib/thumb/v7-m/nofp\libc_nano.a(libc_a-impure.o)
                0x2000000c                _impure_ptr
 .data._impure_data
                0x20000010       0x4c C:/Users/JOHO/tools/xpack-arm-none-eabi-gcc-13.3.1-1.1/bin/../lib/gcc/arm-none-eabi/13.3.1/../../../../arm-none-eabi/lib/thumb/v7-m/nofp\libc_nano.a(libc_a-impure.o)
                0x20000010                _impure_data
                0x2000005c                        . = ALIGN (0x4)
                0x2000005c                        _edata = .

.igot.plt       0x2000005c        0x0 load address 0x08001f4c
 .igot.plt      0x2000005c        0x0 C:/Users/JOHO/tools/xpack-arm-none-eabi-gcc-13.3.1-1.1/bin/../lib/gcc/arm-none-eabi/13.3.1/thumb/v7-m/nofp/crtbegin.o

.bss            0x2000005c      0x1e4 load address 0x08001f4c
                0x2000005c                        _sbss = .
                0x2000005c                        __bss_start__ = _sbss
 *(.bss)
 *(.bss*)
 .bss.completed.1
                0x2000005c        0x1 C:/Users/JOHO/tools/xpack-arm-none-eabi-gcc-13.3.1-1.1/bin/../lib/gcc/arm-none-eabi/13.3.1/thumb/v7-m/nofp/crtbegin.o
 *fill*         0x2000005d        0x3 
 .bss.object.0  0x20000060       0x18 C:/Users/JOHO/tools/xpack-arm-none-eabi-gcc-13.3.1-1.1/bin/../lib/gcc/arm-none-eabi/13.3.1/thumb/v7-m/nofp/crtbegin.o
 .bss.hadc1     0x20000078       0x30 Core/Src/adc.o
                0x20000078                hadc1
 .bss.huart1    0x200000a8       0x48 Core/Src/usart.o
                0x200000a8                huart1
 .bss.heap.0    0x200000f0        0x4 Core/Src/syscalls.o
 .bss.uwTick    0x200000f4        0x4 Drivers/STM32F1xx_HAL_Driver/Src/stm32f1xx_hal.o
                0x200000f4                uwTick
 .bss.__sf      0x200000f8      0x138 C:/Users/JOHO/tools/xpack-arm-none-eabi-gcc-13.3.1-1.1/bin/../lib/gcc/arm-none-eabi/13.3.1/../../../../arm-none-eabi/lib/thumb/v7-m/nofp\libc_nano.a(libc_a-findfp.o)
                0x200000f8                __sf
 .bss.errno     0x20000230        0x4 C:/Users/JOHO/tools/xpack-arm-none-eabi-gcc-13.3.1-1.1/bin/../lib/gcc/arm-none-eabi/13.3.1/../../../../arm-none-eabi/lib/thumb/v7-m/nofp\libc_nano.a(libc_a-reent.o)
                0x20000230                errno
 .bss.__lock___malloc_recursive_mutex
                0x20000234        0x1 C:/Users/JOHO/tools/xpack-arm-none-eabi-gcc-13.3.1-1.1/bin/../lib/gcc/arm-none-eabi/13.3.1/../../../../arm-none-eabi/lib/thumb/v7-m/nofp\libc_nano.a(libc_a-lock.o)
                0x20000234                __lock___malloc_recursive_mutex
 *fill*         0x20000235        0x3 
 .bss.__malloc_sbrk_start
                0x20000238        0x4 C:/Users/JOHO/tools/xpack-arm-none-eabi-gcc-13.3.1-1.1/bin/../lib/gcc/arm-none-eabi/13.3.1/../../../../arm-none-eabi/lib/thumb/v7-m/nofp\libc_nano.a(libc_a-mallocr.o)
                0x20000238                __malloc_sbrk_start
 .bss.__malloc_free_list
                0x2000023c        0x4 C:/Users/JOHO/tools/xpack-arm-none-eabi-gcc-13.3.1-1.1/bin/../lib/gcc/arm-none-eabi/13.3.1/../../../../arm-none-eabi/lib/thumb/v7-m/nofp\libc_nano.a(libc_a-mallocr.o)
                0x2000023c                __malloc_free_list
 *(COMMON)
                0x20000240                        . = ALIGN (0x4)
                0x20000240                        _ebss = .
                0x20000240                        __bss_end__ = _ebss

._user_heap_stack
                0x20000240      0x600 load address 0x08001f4c
                0x20000240                        . = ALIGN (0x8)
                [!provide]                        PROVIDE (end = .)
                0x20000240                        PROVIDE (_end = .)
                0x20000440                        . = (. + _Min_Heap_Size)
 *fill*         0x20000240      0x200 
                0x20000840                        . = (. + _Min_Stack_Size)
 *fill*         0x20000440      0x400 
                0x20000840                        . = ALIGN (0x8)

/DISCARD/
 libc.a(*)
 libm.a(*)
 libgcc.a(*)
OUTPUT(firmware.elf elf32-littlearm)
LOAD linker stubs
LOAD C:/Users/JOHO/tools/xpack-arm-none-eabi-gcc-13.3.1-1.1/bin/../lib/gcc/arm-none-eabi/13.3.1/../../../../arm-none-eabi/lib/thumb/v7-m/nofp\libc.a
LOAD C:/Users/JOHO/tools/xpack-arm-none-eabi-gcc-13.3.1-1.1/bin/../lib/gcc/arm-none-eabi/13.3.1/../../../../arm-none-eabi/lib/thumb/v7-m/nofp\libm.a
LOAD C:/Users/JOHO/tools/xpack-arm-none-eabi-gcc-13.3.1-1.1/bin/../lib/gcc/arm-none-eabi/13.3.1/thumb/v7-m/nofp\libgcc.a

.comment        0x00000000       0x39
 .comment       0x00000000       0x39 C:/Users/JOHO/tools/xpack-arm-none-eabi-gcc-13.3.1-1.1/bin/../lib/gcc/arm-none-eabi/13.3.1/thumb/v7-m/nofp/crtbegin.o
                                 0x3a (size before relaxing)
 .comment       0x00000039       0x3a Core/Src/main.o
 .comment       0x00000039       0x3a Core/Src/gpio.o
 .comment       0x00000039       0x3a Core/Src/adc.o
 .comment       0x00000039       0x3a Core/Src/usart.o
 .comment       0x00000039       0x3a Core/Src/stm32f1xx_it.o
 .comment       0x00000039       0x3a Core/Src/system_stm32f1xx.o
 .comment       0x00000039       0x3a Core/Src/syscalls.o
 .comment       0x00000039       0x3a Core/Src/stm32f1xx_hal_msp.o
 .comment       0x00000039       0x3a Drivers/STM32F1xx_HAL_Driver/Src/stm32f1xx_hal.o
 .comment       0x00000039       0x3a Drivers/STM32F1xx_HAL_Driver/Src/stm32f1xx_hal_gpio.o
 .comment       0x00000039       0x3a Drivers/STM32F1xx_HAL_Driver/Src/stm32f1xx_hal_rcc.o
 .comment       0x00000039       0x3a Drivers/STM32F1xx_HAL_Driver/Src/stm32f1xx_hal_rcc_ex.o
 .comment       0x00000039       0x3a Drivers/STM32F1xx_HAL_Driver/Src/stm32f1xx_hal_cortex.o
 .comment       0x00000039       0x3a Drivers/STM32F1xx_HAL_Driver/Src/stm32f1xx_hal_uart.o
 .comment       0x00000039       0x3a Drivers/STM32F1xx_HAL_Driver/Src/stm32f1xx_hal_adc.o
 .comment       0x00000039       0x3a Drivers/STM32F1xx_HAL_Driver/Src/stm32f1xx_hal_adc_ex.o
 .comment       0x00000039       0x3a C:/Users/JOHO/tools/xpack-arm-none-eabi-gcc-13.3.1-1.1/bin/../lib/gcc/arm-none-eabi/13.3.1/../../../../arm-none-eabi/lib/thumb/v7-m/nofp\libc_nano.a(libc_a-findfp.o)
 .comment       0x00000039       0x3a C:/Users/JOHO/tools/xpack-arm-none-eabi-gcc-13.3.1-1.1/bin/../lib/gcc/arm-none-eabi/13.3.1/../../../../arm-none-eabi/lib/thumb/v7-m/nofp\libc_nano.a(libc_a-snprintf.o)
 .comment       0x00000039       0x3a C:/Users/JOHO/tools/xpack-arm-none-eabi-gcc-13.3.1-1.1/bin/../lib/gcc/arm-none-eabi/13.3.1/../../../../arm-none-eabi/lib/thumb/v7-m/nofp\libc_nano.a(libc_a-memset.o)
 .comment       0x00000039       0x3a C:/Users/JOHO/tools/xpack-arm-none-eabi-gcc-13.3.1-1.1/bin/../lib/gcc/arm-none-eabi/13.3.1/../../../../arm-none-eabi/lib/thumb/v7-m/nofp\libc_nano.a(libc_a-reent.o)
 .comment       0x00000039       0x3a C:/Users/JOHO/tools/xpack-arm-none-eabi-gcc-13.3.1-1.1/bin/../lib/gcc/arm-none-eabi/13.3.1/../../../../arm-none-eabi/lib/thumb/v7-m/nofp\libc_nano.a(libc_a-impure.o)
 .comment       0x00000039       0x3a C:/Users/JOHO/tools/xpack-arm-none-eabi-gcc-13.3.1-1.1/bin/../lib/gcc/arm-none-eabi/13.3.1/../../../../arm-none-eabi/lib/thumb/v7-m/nofp\libc_nano.a(libc_a-init.o)
 .comment       0x00000039       0x3a C:/Users/JOHO/tools/xpack-arm-none-eabi-gcc-13.3.1-1.1/bin/../lib/gcc/arm-none-eabi/13.3.1/../../../../arm-none-eabi/lib/thumb/v7-m/nofp\libc_nano.a(libc_a-lock.o)
 .comment       0x00000039       0x3a C:/Users/JOHO/tools/xpack-arm-none-eabi-gcc-13.3.1-1.1/bin/../lib/gcc/arm-none-eabi/13.3.1/../../../../arm-none-eabi/lib/thumb/v7-m/nofp\libc_nano.a(libc_a-freer.o)
 .comment       0x00000039       0x3a C:/Users/JOHO/tools/xpack-arm-none-eabi-gcc-13.3.1-1.1/bin/../lib/gcc/arm-none-eabi/13.3.1/../../../../arm-none-eabi/lib/thumb/v7-m/nofp\libc_nano.a(libc_a-mallocr.o)
 .comment       0x00000039       0x3a C:/Users/JOHO/tools/xpack-arm-none-eabi-gcc-13.3.1-1.1/bin/../lib/gcc/arm-none-eabi/13.3.1/../../../../arm-none-eabi/lib/thumb/v7-m/nofp\libc_nano.a(libc_a-mlock.o)
 .comment       0x00000039       0x3a C:/Users/JOHO/tools/xpack-arm-none-eabi-gcc-13.3.1-1.1/bin/../lib/gcc/arm-none-eabi/13.3.1/../../../../arm-none-eabi/lib/thumb/v7-m/nofp\libc_nano.a(libc_a-nano-svfprintf.o)
 .comment       0x00000039       0x3a C:/Users/JOHO/tools/xpack-arm-none-eabi-gcc-13.3.1-1.1/bin/../lib/gcc/arm-none-eabi/13.3.1/../../../../arm-none-eabi/lib/thumb/v7-m/nofp\libc_nano.a(libc_a-nano-vfprintf_i.o)
 .comment       0x00000039       0x3a C:/Users/JOHO/tools/xpack-arm-none-eabi-gcc-13.3.1-1.1/bin/../lib/gcc/arm-none-eabi/13.3.1/../../../../arm-none-eabi/lib/thumb/v7-m/nofp\libc_nano.a(libc_a-memmove.o)
 .comment       0x00000039       0x3a C:/Users/JOHO/tools/xpack-arm-none-eabi-gcc-13.3.1-1.1/bin/../lib/gcc/arm-none-eabi/13.3.1/../../../../arm-none-eabi/lib/thumb/v7-m/nofp\libc_nano.a(libc_a-sbrkr.o)
 .comment       0x00000039       0x3a C:/Users/JOHO/tools/xpack-arm-none-eabi-gcc-13.3.1-1.1/bin/../lib/gcc/arm-none-eabi/13.3.1/../../../../arm-none-eabi/lib/thumb/v7-m/nofp\libc_nano.a(libc_a-memchr-stub.o)
 .comment       0x00000039       0x3a C:/Users/JOHO/tools/xpack-arm-none-eabi-gcc-13.3.1-1.1/bin/../lib/gcc/arm-none-eabi/13.3.1/../../../../arm-none-eabi/lib/thumb/v7-m/nofp\libc_nano.a(libc_a-memcpy-stub.o)
 .comment       0x00000039       0x3a C:/Users/JOHO/tools/xpack-arm-none-eabi-gcc-13.3.1-1.1/bin/../lib/gcc/arm-none-eabi/13.3.1/../../../../arm-none-eabi/lib/thumb/v7-m/nofp\libc_nano.a(libc_a-reallocr.o)
 .comment       0x00000039       0x3a C:/Users/JOHO/tools/xpack-arm-none-eabi-gcc-13.3.1-1.1/bin/../lib/gcc/arm-none-eabi/13.3.1/../../../../arm-none-eabi/lib/thumb/v7-m/nofp\libc_nano.a(libc_a-msizer.o)

.debug_info     0x00000000     0xae5f
 .debug_info    0x00000000      0xc6f Core/Src/main.o
 .debug_info    0x00000c6f      0x2f6 Core/Src/gpio.o
 .debug_info    0x00000f65      0x7e1 Core/Src/adc.o
 .debug_info    0x00001746      0x7b9 Core/Src/usart.o
 .debug_info    0x00001eff      0x107 Core/Src/stm32f1xx_it.o
 .debug_info    0x00002006      0x22d Core/Src/system_stm32f1xx.o
 .debug_info    0x00002233      0x4e7 Core/Src/syscalls.o
 .debug_info    0x0000271a      0x1e8 Core/Src/stm32f1xx_hal_msp.o
 .debug_info    0x00002902      0x7d8 Drivers/STM32F1xx_HAL_Driver/Src/stm32f1xx_hal.o
 .debug_info    0x000030da      0x60e Drivers/STM32F1xx_HAL_Driver/Src/stm32f1xx_hal_gpio.o
 .debug_info    0x000036e8      0x9f7 Drivers/STM32F1xx_HAL_Driver/Src/stm32f1xx_hal_rcc.o
 .debug_info    0x000040df      0x41c Drivers/STM32F1xx_HAL_Driver/Src/stm32f1xx_hal_rcc_ex.o
 .debug_info    0x000044fb      0xce9 Drivers/STM32F1xx_HAL_Driver/Src/stm32f1xx_hal_cortex.o
 .debug_info    0x000051e4     0x41ab Drivers/STM32F1xx_HAL_Driver/Src/stm32f1xx_hal_uart.o
 .debug_info    0x0000938f      0xea5 Drivers/STM32F1xx_HAL_Driver/Src/stm32f1xx_hal_adc.o
 .debug_info    0x0000a234      0xc2b Drivers/STM32F1xx_HAL_Driver/Src/stm32f1xx_hal_adc_ex.o

.debug_abbrev   0x00000000     0x224b
 .debug_abbrev  0x00000000      0x2d7 Core/Src/main.o
 .debug_abbrev  0x000002d7      0x162 Core/Src/gpio.o
 .debug_abbrev  0x00000439      0x1f8 Core/Src/adc.o
 .debug_abbrev  0x00000631      0x200 Core/Src/usart.o
 .debug_abbrev  0x00000831       0xb4 Core/Src/stm32f1xx_it.o
 .debug_abbrev  0x000008e5      0x143 Core/Src/system_stm32f1xx.o
 .debug_abbrev  0x00000a28      0x183 Core/Src/syscalls.o
 .debug_abbrev  0x00000bab       0xe9 Core/Src/stm32f1xx_hal_msp.o
 .debug_abbrev  0x00000c94      0x270 Drivers/STM32F1xx_HAL_Driver/Src/stm32f1xx_hal.o
 .debug_abbrev  0x00000f04      0x1fe Drivers/STM32F1xx_HAL_Driver/Src/stm32f1xx_hal_gpio.o
 .debug_abbrev  0x00001102      0x2fd Drivers/STM32F1xx_HAL_Driver/Src/stm32f1xx_hal_rcc.o
 .debug_abbrev  0x000013ff      0x1d6 Drivers/STM32F1xx_HAL_Driver/Src/stm32f1xx_hal_rcc_ex.o
 .debug_abbrev  0x000015d5      0x369 Drivers/STM32F1xx_HAL_Driver/Src/stm32f1xx_hal_cortex.o
 .debug_abbrev  0x0000193e      0x401 Drivers/STM32F1xx_HAL_Driver/Src/stm32f1xx_hal_uart.o
 .debug_abbrev  0x00001d3f      0x276 Drivers/STM32F1xx_HAL_Driver/Src/stm32f1xx_hal_adc.o
 .debug_abbrev  0x00001fb5      0x296 Drivers/STM32F1xx_HAL_Driver/Src/stm32f1xx_hal_adc_ex.o

.debug_loclists
                0x00000000     0x46a8
 .debug_loclists
                0x00000000       0x2b Core/Src/main.o
 .debug_loclists
                0x0000002b       0x29 Core/Src/adc.o
 .debug_loclists
                0x00000054       0x29 Core/Src/usart.o
 .debug_loclists
                0x0000007d       0xac Core/Src/system_stm32f1xx.o
 .debug_loclists
                0x00000129      0x12e Core/Src/syscalls.o
 .debug_loclists
                0x00000257       0x17 Core/Src/stm32f1xx_hal_msp.o
 .debug_loclists
                0x0000026e       0xd5 Drivers/STM32F1xx_HAL_Driver/Src/stm32f1xx_hal.o
 .debug_loclists
                0x00000343      0x2e9 Drivers/STM32F1xx_HAL_Driver/Src/stm32f1xx_hal_gpio.o
 .debug_loclists
                0x0000062c      0x41d Drivers/STM32F1xx_HAL_Driver/Src/stm32f1xx_hal_rcc.o
 .debug_loclists
                0x00000a49      0x270 Drivers/STM32F1xx_HAL_Driver/Src/stm32f1xx_hal_rcc_ex.o
 .debug_loclists
                0x00000cb9      0x3cb Drivers/STM32F1xx_HAL_Driver/Src/stm32f1xx_hal_cortex.o
 .debug_loclists
                0x00001084     0x29ed Drivers/STM32F1xx_HAL_Driver/Src/stm32f1xx_hal_uart.o
 .debug_loclists
                0x00003a71      0x6c5 Drivers/STM32F1xx_HAL_Driver/Src/stm32f1xx_hal_adc.o
 .debug_loclists
                0x00004136      0x572 Drivers/STM32F1xx_HAL_Driver/Src/stm32f1xx_hal_adc_ex.o

.debug_aranges  0x00000000      0x790
 .debug_aranges
                0x00000000       0x30 Core/Src/main.o
 .debug_aranges
                0x00000030       0x20 Core/Src/gpio.o
 .debug_aranges
                0x00000050       0x28 Core/Src/adc.o
 .debug_aranges
                0x00000078       0x28 Core/Src/usart.o
 .debug_aranges
                0x000000a0       0x60 Core/Src/stm32f1xx_it.o
 .debug_aranges
                0x00000100       0x28 Core/Src/system_stm32f1xx.o
 .debug_aranges
                0x00000128       0x68 Core/Src/syscalls.o
 .debug_aranges
                0x00000190       0x20 Core/Src/stm32f1xx_hal_msp.o
 .debug_aranges
                0x000001b0       0xe0 Drivers/STM32F1xx_HAL_Driver/Src/stm32f1xx_hal.o
 .debug_aranges
                0x00000290       0x58 Drivers/STM32F1xx_HAL_Driver/Src/stm32f1xx_hal_gpio.o
 .debug_aranges
                0x000002e8       0x88 Drivers/STM32F1xx_HAL_Driver/Src/stm32f1xx_hal_rcc.o
 .debug_aranges
                0x00000370       0x30 Drivers/STM32F1xx_HAL_Driver/Src/stm32f1xx_hal_rcc_ex.o
 .debug_aranges
                0x000003a0       0x90 Drivers/STM32F1xx_HAL_Driver/Src/stm32f1xx_hal_cortex.o
 .debug_aranges
                0x00000430      0x1f0 Drivers/STM32F1xx_HAL_Driver/Src/stm32f1xx_hal_uart.o
 .debug_aranges
                0x00000620       0xf0 Drivers/STM32F1xx_HAL_Driver/Src/stm32f1xx_hal_adc.o
 .debug_aranges
                0x00000710       0x80 Drivers/STM32F1xx_HAL_Driver/Src/stm32f1xx_hal_adc_ex.o

.debug_rnglists
                0x00000000      0x702
 .debug_rnglists
                0x00000000       0x2c Core/Src/main.o
 .debug_rnglists
                0x0000002c       0x31 Core/Src/gpio.o
 .debug_rnglists
                0x0000005d       0x34 Core/Src/adc.o
 .debug_rnglists
                0x00000091       0x34 Core/Src/usart.o
 .debug_rnglists
                0x000000c5       0x43 Core/Src/stm32f1xx_it.o
 .debug_rnglists
                0x00000108       0x19 Core/Src/system_stm32f1xx.o
 .debug_rnglists
                0x00000121       0x49 Core/Src/syscalls.o
 .debug_rnglists
                0x0000016a       0x37 Core/Src/stm32f1xx_hal_msp.o
 .debug_rnglists
                0x000001a1       0xa3 Drivers/STM32F1xx_HAL_Driver/Src/stm32f1xx_hal.o
 .debug_rnglists
                0x00000244       0x51 Drivers/STM32F1xx_HAL_Driver/Src/stm32f1xx_hal_gpio.o
 .debug_rnglists
                0x00000295       0x85 Drivers/STM32F1xx_HAL_Driver/Src/stm32f1xx_hal_rcc.o
 .debug_rnglists
                0x0000031a       0x3f Drivers/STM32F1xx_HAL_Driver/Src/stm32f1xx_hal_rcc_ex.o
 .debug_rnglists
                0x00000359       0xd3 Drivers/STM32F1xx_HAL_Driver/Src/stm32f1xx_hal_cortex.o
 .debug_rnglists
                0x0000042c      0x1bd Drivers/STM32F1xx_HAL_Driver/Src/stm32f1xx_hal_uart.o
 .debug_rnglists
                0x000005e9       0xb7 Drivers/STM32F1xx_HAL_Driver/Src/stm32f1xx_hal_adc.o
 .debug_rnglists
                0x000006a0       0x62 Drivers/STM32F1xx_HAL_Driver/Src/stm32f1xx_hal_adc_ex.o

.debug_line     0x00000000     0x8552
 .debug_line    0x00000000      0x4d5 Core/Src/main.o
 .debug_line    0x000004d5      0x1d1 Core/Src/gpio.o
 .debug_line    0x000006a6      0x2cc Core/Src/adc.o
 .debug_line    0x00000972      0x2a8 Core/Src/usart.o
 .debug_line    0x00000c1a      0x121 Core/Src/stm32f1xx_it.o
 .debug_line    0x00000d3b      0x20d Core/Src/system_stm32f1xx.o
 .debug_line    0x00000f48      0x284 Core/Src/syscalls.o
 .debug_line    0x000011cc      0x172 Core/Src/stm32f1xx_hal_msp.o
 .debug_line    0x0000133e      0x53b Drivers/STM32F1xx_HAL_Driver/Src/stm32f1xx_hal.o
 .debug_line    0x00001879      0x56c Drivers/STM32F1xx_HAL_Driver/Src/stm32f1xx_hal_gpio.o
 .debug_line    0x00001de5      0xc8d Drivers/STM32F1xx_HAL_Driver/Src/stm32f1xx_hal_rcc.o
 .debug_line    0x00002a72      0x4b3 Drivers/STM32F1xx_HAL_Driver/Src/stm32f1xx_hal_rcc_ex.o
 .debug_line    0x00002f25      0x67e Drivers/STM32F1xx_HAL_Driver/Src/stm32f1xx_hal_cortex.o
 .debug_line    0x000035a3     0x34bc Drivers/STM32F1xx_HAL_Driver/Src/stm32f1xx_hal_uart.o
 .debug_line    0x00006a5f      0xee9 Drivers/STM32F1xx_HAL_Driver/Src/stm32f1xx_hal_adc.o
 .debug_line    0x00007948      0xc0a Drivers/STM32F1xx_HAL_Driver/Src/stm32f1xx_hal_adc_ex.o

.debug_str      0x00000000     0x261b
 .debug_str     0x00000000     0x261b Core/Src/main.o
                                0x91f (size before relaxing)
 .debug_str     0x0000261b      0x286 Core/Src/gpio.o
 .debug_str     0x0000261b      0x5ed Core/Src/adc.o
 .debug_str     0x0000261b      0x68d Core/Src/usart.o
 .debug_str     0x0000261b      0x210 Core/Src/stm32f1xx_it.o
 .debug_str     0x0000261b      0x242 Core/Src/system_stm32f1xx.o
 .debug_str     0x0000261b      0x32d Core/Src/syscalls.o
 .debug_str     0x0000261b      0x20d Core/Src/stm32f1xx_hal_msp.o
 .debug_str     0x0000261b      0x81c Drivers/STM32F1xx_HAL_Driver/Src/stm32f1xx_hal.o
 .debug_str     0x0000261b      0x3ee Drivers/STM32F1xx_HAL_Driver/Src/stm32f1xx_hal_gpio.o
 .debug_str     0x0000261b      0x619 Drivers/STM32F1xx_HAL_Driver/Src/stm32f1xx_hal_rcc.o
 .debug_str     0x0000261b      0x3c1 Drivers/STM32F1xx_HAL_Driver/Src/stm32f1xx_hal_rcc_ex.o
 .debug_str     0x0000261b      0x8c1 Drivers/STM32F1xx_HAL_Driver/Src/stm32f1xx_hal_cortex.o
 .debug_str     0x0000261b      0xce2 Drivers/STM32F1xx_HAL_Driver/Src/stm32f1xx_hal_uart.o
 .debug_str     0x0000261b      0x8c8 Drivers/STM32F1xx_HAL_Driver/Src/stm32f1xx_hal_adc.o
 .debug_str     0x0000261b      0x8ab Drivers/STM32F1xx_HAL_Driver/Src/stm32f1xx_hal_adc_ex.o

.debug_frame    0x00000000     0x11d8
 .debug_frame   0x00000000       0x50 Core/Src/main.o
 .debug_frame   0x00000050       0x30 Core/Src/gpio.o
 .debug_frame   0x00000080       0x48 Core/Src/adc.o
 .debug_frame   0x000000c8       0x50 Core/Src/usart.o
 .debug_frame   0x00000118       0xa0 Core/Src/stm32f1xx_it.o
 .debug_frame   0x000001b8       0x30 Core/Src/system_stm32f1xx.o
 .debug_frame   0x000001e8       0xb8 Core/Src/syscalls.o
 .debug_frame   0x000002a0       0x28 Core/Src/stm32f1xx_hal_msp.o
 .debug_frame   0x000002c8      0x1d4 Drivers/STM32F1xx_HAL_Driver/Src/stm32f1xx_hal.o
 .debug_frame   0x0000049c       0xd8 Drivers/STM32F1xx_HAL_Driver/Src/stm32f1xx_hal_gpio.o
 .debug_frame   0x00000574      0x13c Drivers/STM32F1xx_HAL_Driver/Src/stm32f1xx_hal_rcc.o
 .debug_frame   0x000006b0       0x60 Drivers/STM32F1xx_HAL_Driver/Src/stm32f1xx_hal_rcc_ex.o
 .debug_frame   0x00000710      0x120 Drivers/STM32F1xx_HAL_Driver/Src/stm32f1xx_hal_cortex.o
 .debug_frame   0x00000830      0x594 Drivers/STM32F1xx_HAL_Driver/Src/stm32f1xx_hal_uart.o
 .debug_frame   0x00000dc4      0x2a0 Drivers/STM32F1xx_HAL_Driver/Src/stm32f1xx_hal_adc.o
 .debug_frame   0x00001064      0x174 Drivers/STM32F1xx_HAL_Driver/Src/stm32f1xx_hal_adc_ex.o
